====================================================================================================
Building Figure 4 and Supplementary Figure S4A-E
====================================================================================================
Results root: /mnt/newStor/paros/paros_WORK/ines/results
Output directory: /mnt/newStor/paros/paros_WORK/ines/results/BrainAgeValidation_AllCohorts_BAGBiasCorr_OOFGlobal_BiologicalValidation/Figure4_full_cohort_main_and_S4_supplement_neuroimaging_associations
Main feature set: imaging_only
Validation directory: validation_figures_full_cohort
Minimum n: 8

Saved:
/mnt/newStor/paros/paros_WORK/ines/results/BrainAgeValidation_AllCohorts_BAGBiasCorr_OOFGlobal_BiologicalValidation/Figure4_full_cohort_main_and_S4_supplement_neuroimaging_associations/Figure4_cBAG_neuroimaging_associations_imaging_only.png
/mnt/newStor/paros/paros_WORK/ines/results/BrainAgeValidation_AllCohorts_BAGBiasCorr_OOFGlobal_BiologicalValidation/Figure4_full_cohort_main_and_S4_supplement_neuroimaging_associations/Figure4_cBAG_neuroimaging_associations_imaging_only.pdf
/mnt/newStor/paros/paros_WORK/ines/results/BrainAgeValidation_AllCohorts_BAGBiasCorr_OOFGlobal_BiologicalValidation/Figure4_full_cohort_main_and_S4_supplement_neuroimaging_associations/Figure4_cBAG_neuroimaging_associations_imaging_only_stats.csv
/mnt/newStor/paros/paros_WORK/ines/results/BrainAgeValidation_AllCohorts_BAGBiasCorr_OOFGlobal_BiologicalValidation/Figure4_full_cohort_main_and_S4_supplement_neuroimaging_associations/Figure4_cBAG_neuroimaging_associations_imaging_only_source_data.csv
/mnt/newStor/paros/paros_WORK/ines/results/BrainAgeValidation_AllCohorts_BAGBiasCorr_OOFGlobal_BiologicalValidation/Figure4_full_cohort_main_and_S4_supplement_neuroimaging_associations/Figure4_cBAG_neuroimaging_associations_imaging_only_input_availability.csv

Saved heatmap:
/mnt/newStor/paros/paros_WORK/ines/results/BrainAgeValidation_AllCohorts_BAGBiasCorr_OOFGlobal_BiologicalValidation/Figure4_full_cohort_main_and_S4_supplement_neuroimaging_associations/Figure4_heatmap_cBAG_neuroimaging_associations_imaging_only.png
/mnt/newStor/paros/paros_WORK/ines/results/BrainAgeValidation_AllCohorts_BAGBiasCorr_OOFGlobal_BiologicalValidation/Figure4_full_cohort_main_and_S4_supplement_neuroimaging_associations/Figure4_heatmap_cBAG_neuroimaging_associations_imaging_only.pdf
/mnt/newStor/paros/paros_WORK/ines/results/BrainAgeValidation_AllCohorts_BAGBiasCorr_OOFGlobal_BiologicalValidation/Figure4_full_cohort_main_and_S4_supplement_neuroimaging_associations/Figure4_heatmap_cBAG_neuroimaging_associations_imaging_only_stats.csv
/mnt/newStor/paros/paros_WORK/ines/results/BrainAgeValidation_AllCohorts_BAGBiasCorr_OOFGlobal_BiologicalValidation/Figure4_full_cohort_main_and_S4_supplement_neuroimaging_associations/Figure4_heatmap_cBAG_neuroimaging_associations_imaging_only_input_availability.csv

Saved cross-cohort figure:
/mnt/newStor/paros/paros_WORK/ines/results/BrainAgeValidation_AllCohorts_BAGBiasCorr_OOFGlobal_BiologicalValidation/Figure4_full_cohort_main_and_S4_supplement_neuroimaging_associations/Figure4_cross_cohort_cBAG_neuroimaging_associations_imaging_only.png
/mnt/newStor/paros/paros_WORK/ines/results/BrainAgeValidation_AllCohorts_BAGBiasCorr_OOFGlobal_BiologicalValidation/Figure4_full_cohort_main_and_S4_supplement_neuroimaging_associations/Figure4_cross_cohort_cBAG_neuroimaging_associations_imaging_only.pdf
/mnt/newStor/paros/paros_WORK/ines/results/BrainAgeValidation_AllCohorts_BAGBiasCorr_OOFGlobal_BiologicalValidation/Figure4_full_cohort_main_and_S4_supplement_neuroimaging_associations/Figure4_cross_cohort_cBAG_neuroimaging_associations_imaging_only_stats.csv
/mnt/newStor/paros/paros_WORK/ines/results/BrainAgeValidation_AllCohorts_BAGBiasCorr_OOFGlobal_BiologicalValidation/Figure4_full_cohort_main_and_S4_supplement_neuroimaging_associations/Figure4_cross_cohort_cBAG_neuroimaging_associations_imaging_only_source_data.csv

Saved:
/mnt/newStor/paros/paros_WORK/ines/results/BrainAgeValidation_AllCohorts_BAGBiasCorr_OOFGlobal_BiologicalValidation/Figure4_full_cohort_main_and_S4_supplement_neuroimaging_associations/SupplementaryFigureS4A_cBAG_neuroimaging_associations_imaging_only.png
/mnt/newStor/paros/paros_WORK/ines/results/BrainAgeValidation_AllCohorts_BAGBiasCorr_OOFGlobal_BiologicalValidation/Figure4_full_cohort_main_and_S4_supplement_neuroimaging_associations/SupplementaryFigureS4A_cBAG_neuroimaging_associations_imaging_only.pdf
/mnt/newStor/paros/paros_WORK/ines/results/BrainAgeValidation_AllCohorts_BAGBiasCorr_OOFGlobal_BiologicalValidation/Figure4_full_cohort_main_and_S4_supplement_neuroimaging_associations/SupplementaryFigureS4A_cBAG_neuroimaging_associations_imaging_only_stats.csv
/mnt/newStor/paros/paros_WORK/ines/results/BrainAgeValidation_AllCohorts_BAGBiasCorr_OOFGlobal_BiologicalValidation/Figure4_full_cohort_main_and_S4_supplement_neuroimaging_associations/SupplementaryFigureS4A_cBAG_neuroimaging_associations_imaging_only_source_data.csv
/mnt/newStor/paros/paros_WORK/ines/results/BrainAgeValidation_AllCohorts_BAGBiasCorr_OOFGlobal_BiologicalValidation/Figure4_full_cohort_main_and_S4_supplement_neuroimaging_associations/SupplementaryFigureS4A_cBAG_neuroimaging_associations_imaging_only_input_availability.csv

Saved heatmap:
/mnt/newStor/paros/paros_WORK/ines/results/BrainAgeValidation_AllCohorts_BAGBiasCorr_OOFGlobal_BiologicalValidation/Figure4_full_cohort_main_and_S4_supplement_neuroimaging_associations/SupplementaryFigureS4A_heatmap_cBAG_neuroimaging_associations_imaging_only.png
/mnt/newStor/paros/paros_WORK/ines/results/BrainAgeValidation_AllCohorts_BAGBiasCorr_OOFGlobal_BiologicalValidation/Figure4_full_cohort_main_and_S4_supplement_neuroimaging_associations/SupplementaryFigureS4A_heatmap_cBAG_neuroimaging_associations_imaging_only.pdf
/mnt/newStor/paros/paros_WORK/ines/results/BrainAgeValidation_AllCohorts_BAGBiasCorr_OOFGlobal_BiologicalValidation/Figure4_full_cohort_main_and_S4_supplement_neuroimaging_associations/SupplementaryFigureS4A_heatmap_cBAG_neuroimaging_associations_imaging_only_stats.csv
/mnt/newStor/paros/paros_WORK/ines/results/BrainAgeValidation_AllCohorts_BAGBiasCorr_OOFGlobal_BiologicalValidation/Figure4_full_cohort_main_and_S4_supplement_neuroimaging_associations/SupplementaryFigureS4A_heatmap_cBAG_neuroimaging_associations_imaging_only_input_availability.csv

Saved cross-cohort figure:
/mnt/newStor/paros/paros_WORK/ines/results/BrainAgeValidation_AllCohorts_BAGBiasCorr_OOFGlobal_BiologicalValidation/Figure4_full_cohort_main_and_S4_supplement_neuroimaging_associations/SupplementaryFigureS4A_cross_cohort_cBAG_neuroimaging_associations_imaging_only.png
/mnt/newStor/paros/paros_WORK/ines/results/BrainAgeValidation_AllCohorts_BAGBiasCorr_OOFGlobal_BiologicalValidation/Figure4_full_cohort_main_and_S4_supplement_neuroimaging_associations/SupplementaryFigureS4A_cross_cohort_cBAG_neuroimaging_associations_imaging_only.pdf
/mnt/newStor/paros/paros_WORK/ines/results/BrainAgeValidation_AllCohorts_BAGBiasCorr_OOFGlobal_BiologicalValidation/Figure4_full_cohort_main_and_S4_supplement_neuroimaging_associations/SupplementaryFigureS4A_cross_cohort_cBAG_neuroimaging_associations_imaging_only_stats.csv
/mnt/newStor/paros/paros_WORK/ines/results/BrainAgeValidation_AllCohorts_BAGBiasCorr_OOFGlobal_BiologicalValidation/Figure4_full_cohort_main_and_S4_supplement_neuroimaging_associations/SupplementaryFigureS4A_cross_cohort_cBAG_neuroimaging_associations_imaging_only_source_data.csv

Saved:
/mnt/newStor/paros/paros_WORK/ines/results/BrainAgeValidation_AllCohorts_BAGBiasCorr_OOFGlobal_BiologicalValidation/Figure4_full_cohort_main_and_S4_supplement_neuroimaging_associations/SupplementaryFigureS4B_cBAG_neuroimaging_associations_imaging_demographics.png
/mnt/newStor/paros/paros_WORK/ines/results/BrainAgeValidation_AllCohorts_BAGBiasCorr_OOFGlobal_BiologicalValidation/Figure4_full_cohort_main_and_S4_supplement_neuroimaging_associations/SupplementaryFigureS4B_cBAG_neuroimaging_associations_imaging_demographics.pdf
/mnt/newStor/paros/paros_WORK/ines/results/BrainAgeValidation_AllCohorts_BAGBiasCorr_OOFGlobal_BiologicalValidation/Figure4_full_cohort_main_and_S4_supplement_neuroimaging_associations/SupplementaryFigureS4B_cBAG_neuroimaging_associations_imaging_demographics_stats.csv
/mnt/newStor/paros/paros_WORK/ines/results/BrainAgeValidation_AllCohorts_BAGBiasCorr_OOFGlobal_BiologicalValidation/Figure4_full_cohort_main_and_S4_supplement_neuroimaging_associations/SupplementaryFigureS4B_cBAG_neuroimaging_associations_imaging_demographics_source_data.csv
/mnt/newStor/paros/paros_WORK/ines/results/BrainAgeValidation_AllCohorts_BAGBiasCorr_OOFGlobal_BiologicalValidation/Figure4_full_cohort_main_and_S4_supplement_neuroimaging_associations/SupplementaryFigureS4B_cBAG_neuroimaging_associations_imaging_demographics_input_availability.csv

Saved heatmap:
/mnt/newStor/paros/paros_WORK/ines/results/BrainAgeValidation_AllCohorts_BAGBiasCorr_OOFGlobal_BiologicalValidation/Figure4_full_cohort_main_and_S4_supplement_neuroimaging_associations/SupplementaryFigureS4B_heatmap_cBAG_neuroimaging_associations_imaging_demographics.png
/mnt/newStor/paros/paros_WORK/ines/results/BrainAgeValidation_AllCohorts_BAGBiasCorr_OOFGlobal_BiologicalValidation/Figure4_full_cohort_main_and_S4_supplement_neuroimaging_associations/SupplementaryFigureS4B_heatmap_cBAG_neuroimaging_associations_imaging_demographics.pdf
/mnt/newStor/paros/paros_WORK/ines/results/BrainAgeValidation_AllCohorts_BAGBiasCorr_OOFGlobal_BiologicalValidation/Figure4_full_cohort_main_and_S4_supplement_neuroimaging_associations/SupplementaryFigureS4B_heatmap_cBAG_neuroimaging_associations_imaging_demographics_stats.csv
/mnt/newStor/paros/paros_WORK/ines/results/BrainAgeValidation_AllCohorts_BAGBiasCorr_OOFGlobal_BiologicalValidation/Figure4_full_cohort_main_and_S4_supplement_neuroimaging_associations/SupplementaryFigureS4B_heatmap_cBAG_neuroimaging_associations_imaging_demographics_input_availability.csv

Saved cross-cohort figure:
/mnt/newStor/paros/paros_WORK/ines/results/BrainAgeValidation_AllCohorts_BAGBiasCorr_OOFGlobal_BiologicalValidation/Figure4_full_cohort_main_and_S4_supplement_neuroimaging_associations/SupplementaryFigureS4B_cross_cohort_cBAG_neuroimaging_associations_imaging_demographics.png
/mnt/newStor/paros/paros_WORK/ines/results/BrainAgeValidation_AllCohorts_BAGBiasCorr_OOFGlobal_BiologicalValidation/Figure4_full_cohort_main_and_S4_supplement_neuroimaging_associations/SupplementaryFigureS4B_cross_cohort_cBAG_neuroimaging_associations_imaging_demographics.pdf
/mnt/newStor/paros/paros_WORK/ines/results/BrainAgeValidation_AllCohorts_BAGBiasCorr_OOFGlobal_BiologicalValidation/Figure4_full_cohort_main_and_S4_supplement_neuroimaging_associations/SupplementaryFigureS4B_cross_cohort_cBAG_neuroimaging_associations_imaging_demographics_stats.csv
/mnt/newStor/paros/paros_WORK/ines/results/BrainAgeValidation_AllCohorts_BAGBiasCorr_OOFGlobal_BiologicalValidation/Figure4_full_cohort_main_and_S4_supplement_neuroimaging_associations/SupplementaryFigureS4B_cross_cohort_cBAG_neuroimaging_associations_imaging_demographics_source_data.csv

Saved:
/mnt/newStor/paros/paros_WORK/ines/results/BrainAgeValidation_AllCohorts_BAGBiasCorr_OOFGlobal_BiologicalValidation/Figure4_full_cohort_main_and_S4_supplement_neuroimaging_associations/SupplementaryFigureS4C_cBAG_neuroimaging_associations_imaging_biomarkers.png
/mnt/newStor/paros/paros_WORK/ines/results/BrainAgeValidation_AllCohorts_BAGBiasCorr_OOFGlobal_BiologicalValidation/Figure4_full_cohort_main_and_S4_supplement_neuroimaging_associations/SupplementaryFigureS4C_cBAG_neuroimaging_associations_imaging_biomarkers.pdf
/mnt/newStor/paros/paros_WORK/ines/results/BrainAgeValidation_AllCohorts_BAGBiasCorr_OOFGlobal_BiologicalValidation/Figure4_full_cohort_main_and_S4_supplement_neuroimaging_associations/SupplementaryFigureS4C_cBAG_neuroimaging_associations_imaging_biomarkers_stats.csv
/mnt/newStor/paros/paros_WORK/ines/results/BrainAgeValidation_AllCohorts_BAGBiasCorr_OOFGlobal_BiologicalValidation/Figure4_full_cohort_main_and_S4_supplement_neuroimaging_associations/SupplementaryFigureS4C_cBAG_neuroimaging_associations_imaging_biomarkers_source_data.csv
/mnt/newStor/paros/paros_WORK/ines/results/BrainAgeValidation_AllCohorts_BAGBiasCorr_OOFGlobal_BiologicalValidation/Figure4_full_cohort_main_and_S4_supplement_neuroimaging_associations/SupplementaryFigureS4C_cBAG_neuroimaging_associations_imaging_biomarkers_input_availability.csv

Saved heatmap:
/mnt/newStor/paros/paros_WORK/ines/results/BrainAgeValidation_AllCohorts_BAGBiasCorr_OOFGlobal_BiologicalValidation/Figure4_full_cohort_main_and_S4_supplement_neuroimaging_associations/SupplementaryFigureS4C_heatmap_cBAG_neuroimaging_associations_imaging_biomarkers.png
/mnt/newStor/paros/paros_WORK/ines/results/BrainAgeValidation_AllCohorts_BAGBiasCorr_OOFGlobal_BiologicalValidation/Figure4_full_cohort_main_and_S4_supplement_neuroimaging_associations/SupplementaryFigureS4C_heatmap_cBAG_neuroimaging_associations_imaging_biomarkers.pdf
/mnt/newStor/paros/paros_WORK/ines/results/BrainAgeValidation_AllCohorts_BAGBiasCorr_OOFGlobal_BiologicalValidation/Figure4_full_cohort_main_and_S4_supplement_neuroimaging_associations/SupplementaryFigureS4C_heatmap_cBAG_neuroimaging_associations_imaging_biomarkers_stats.csv
/mnt/newStor/paros/paros_WORK/ines/results/BrainAgeValidation_AllCohorts_BAGBiasCorr_OOFGlobal_BiologicalValidation/Figure4_full_cohort_main_and_S4_supplement_neuroimaging_associations/SupplementaryFigureS4C_heatmap_cBAG_neuroimaging_associations_imaging_biomarkers_input_availability.csv

Saved cross-cohort figure:
/mnt/newStor/paros/paros_WORK/ines/results/BrainAgeValidation_AllCohorts_BAGBiasCorr_OOFGlobal_BiologicalValidation/Figure4_full_cohort_main_and_S4_supplement_neuroimaging_associations/SupplementaryFigureS4C_cross_cohort_cBAG_neuroimaging_associations_imaging_biomarkers.png
/mnt/newStor/paros/paros_WORK/ines/results/BrainAgeValidation_AllCohorts_BAGBiasCorr_OOFGlobal_BiologicalValidation/Figure4_full_cohort_main_and_S4_supplement_neuroimaging_associations/SupplementaryFigureS4C_cross_cohort_cBAG_neuroimaging_associations_imaging_biomarkers.pdf
/mnt/newStor/paros/paros_WORK/ines/results/BrainAgeValidation_AllCohorts_BAGBiasCorr_OOFGlobal_BiologicalValidation/Figure4_full_cohort_main_and_S4_supplement_neuroimaging_associations/SupplementaryFigureS4C_cross_cohort_cBAG_neuroimaging_associations_imaging_biomarkers_stats.csv
/mnt/newStor/paros/paros_WORK/ines/results/BrainAgeValidation_AllCohorts_BAGBiasCorr_OOFGlobal_BiologicalValidation/Figure4_full_cohort_main_and_S4_supplement_neuroimaging_associations/SupplementaryFigureS4C_cross_cohort_cBAG_neuroimaging_associations_imaging_biomarkers_source_data.csv

Saved:
/mnt/newStor/paros/paros_WORK/ines/results/BrainAgeValidation_AllCohorts_BAGBiasCorr_OOFGlobal_BiologicalValidation/Figure4_full_cohort_main_and_S4_supplement_neuroimaging_associations/SupplementaryFigureS4D_cBAG_neuroimaging_associations_full.png
/mnt/newStor/paros/paros_WORK/ines/results/BrainAgeValidation_AllCohorts_BAGBiasCorr_OOFGlobal_BiologicalValidation/Figure4_full_cohort_main_and_S4_supplement_neuroimaging_associations/SupplementaryFigureS4D_cBAG_neuroimaging_associations_full.pdf
/mnt/newStor/paros/paros_WORK/ines/results/BrainAgeValidation_AllCohorts_BAGBiasCorr_OOFGlobal_BiologicalValidation/Figure4_full_cohort_main_and_S4_supplement_neuroimaging_associations/SupplementaryFigureS4D_cBAG_neuroimaging_associations_full_stats.csv
/mnt/newStor/paros/paros_WORK/ines/results/BrainAgeValidation_AllCohorts_BAGBiasCorr_OOFGlobal_BiologicalValidation/Figure4_full_cohort_main_and_S4_supplement_neuroimaging_associations/SupplementaryFigureS4D_cBAG_neuroimaging_associations_full_source_data.csv
/mnt/newStor/paros/paros_WORK/ines/results/BrainAgeValidation_AllCohorts_BAGBiasCorr_OOFGlobal_BiologicalValidation/Figure4_full_cohort_main_and_S4_supplement_neuroimaging_associations/SupplementaryFigureS4D_cBAG_neuroimaging_associations_full_input_availability.csv

Saved heatmap:
/mnt/newStor/paros/paros_WORK/ines/results/BrainAgeValidation_AllCohorts_BAGBiasCorr_OOFGlobal_BiologicalValidation/Figure4_full_cohort_main_and_S4_supplement_neuroimaging_associations/SupplementaryFigureS4D_heatmap_cBAG_neuroimaging_associations_full.png
/mnt/newStor/paros/paros_WORK/ines/results/BrainAgeValidation_AllCohorts_BAGBiasCorr_OOFGlobal_BiologicalValidation/Figure4_full_cohort_main_and_S4_supplement_neuroimaging_associations/SupplementaryFigureS4D_heatmap_cBAG_neuroimaging_associations_full.pdf
/mnt/newStor/paros/paros_WORK/ines/results/BrainAgeValidation_AllCohorts_BAGBiasCorr_OOFGlobal_BiologicalValidation/Figure4_full_cohort_main_and_S4_supplement_neuroimaging_associations/SupplementaryFigureS4D_heatmap_cBAG_neuroimaging_associations_full_stats.csv
/mnt/newStor/paros/paros_WORK/ines/results/BrainAgeValidation_AllCohorts_BAGBiasCorr_OOFGlobal_BiologicalValidation/Figure4_full_cohort_main_and_S4_supplement_neuroimaging_associations/SupplementaryFigureS4D_heatmap_cBAG_neuroimaging_associations_full_input_availability.csv

Saved cross-cohort figure:
/mnt/newStor/paros/paros_WORK/ines/results/BrainAgeValidation_AllCohorts_BAGBiasCorr_OOFGlobal_BiologicalValidation/Figure4_full_cohort_main_and_S4_supplement_neuroimaging_associations/SupplementaryFigureS4D_cross_cohort_cBAG_neuroimaging_associations_full.png
/mnt/newStor/paros/paros_WORK/ines/results/BrainAgeValidation_AllCohorts_BAGBiasCorr_OOFGlobal_BiologicalValidation/Figure4_full_cohort_main_and_S4_supplement_neuroimaging_associations/SupplementaryFigureS4D_cross_cohort_cBAG_neuroimaging_associations_full.pdf
/mnt/newStor/paros/paros_WORK/ines/results/BrainAgeValidation_AllCohorts_BAGBiasCorr_OOFGlobal_BiologicalValidation/Figure4_full_cohort_main_and_S4_supplement_neuroimaging_associations/SupplementaryFigureS4D_cross_cohort_cBAG_neuroimaging_associations_full_stats.csv
/mnt/newStor/paros/paros_WORK/ines/results/BrainAgeValidation_AllCohorts_BAGBiasCorr_OOFGlobal_BiologicalValidation/Figure4_full_cohort_main_and_S4_supplement_neuroimaging_associations/SupplementaryFigureS4D_cross_cohort_cBAG_neuroimaging_associations_full_source_data.csv

Saved:
/mnt/newStor/paros/paros_WORK/ines/results/BrainAgeValidation_AllCohorts_BAGBiasCorr_OOFGlobal_BiologicalValidation/Figure4_full_cohort_main_and_S4_supplement_neuroimaging_associations/SupplementaryFigureS4E_cBAG_neuroimaging_associations_full_no_cardiovascular.png
/mnt/newStor/paros/paros_WORK/ines/results/BrainAgeValidation_AllCohorts_BAGBiasCorr_OOFGlobal_BiologicalValidation/Figure4_full_cohort_main_and_S4_supplement_neuroimaging_associations/SupplementaryFigureS4E_cBAG_neuroimaging_associations_full_no_cardiovascular.pdf
/mnt/newStor/paros/paros_WORK/ines/results/BrainAgeValidation_AllCohorts_BAGBiasCorr_OOFGlobal_BiologicalValidation/Figure4_full_cohort_main_and_S4_supplement_neuroimaging_associations/SupplementaryFigureS4E_cBAG_neuroimaging_associations_full_no_cardiovascular_stats.csv
/mnt/newStor/paros/paros_WORK/ines/results/BrainAgeValidation_AllCohorts_BAGBiasCorr_OOFGlobal_BiologicalValidation/Figure4_full_cohort_main_and_S4_supplement_neuroimaging_associations/SupplementaryFigureS4E_cBAG_neuroimaging_associations_full_no_cardiovascular_source_data.csv
/mnt/newStor/paros/paros_WORK/ines/results/BrainAgeValidation_AllCohorts_BAGBiasCorr_OOFGlobal_BiologicalValidation/Figure4_full_cohort_main_and_S4_supplement_neuroimaging_associations/SupplementaryFigureS4E_cBAG_neuroimaging_associations_full_no_cardiovascular_input_availability.csv

Saved heatmap:
/mnt/newStor/paros/paros_WORK/ines/results/BrainAgeValidation_AllCohorts_BAGBiasCorr_OOFGlobal_BiologicalValidation/Figure4_full_cohort_main_and_S4_supplement_neuroimaging_associations/SupplementaryFigureS4E_heatmap_cBAG_neuroimaging_associations_full_no_cardiovascular.png
/mnt/newStor/paros/paros_WORK/ines/results/BrainAgeValidation_AllCohorts_BAGBiasCorr_OOFGlobal_BiologicalValidation/Figure4_full_cohort_main_and_S4_supplement_neuroimaging_associations/SupplementaryFigureS4E_heatmap_cBAG_neuroimaging_associations_full_no_cardiovascular.pdf
/mnt/newStor/paros/paros_WORK/ines/results/BrainAgeValidation_AllCohorts_BAGBiasCorr_OOFGlobal_BiologicalValidation/Figure4_full_cohort_main_and_S4_supplement_neuroimaging_associations/SupplementaryFigureS4E_heatmap_cBAG_neuroimaging_associations_full_no_cardiovascular_stats.csv
/mnt/newStor/paros/paros_WORK/ines/results/BrainAgeValidation_AllCohorts_BAGBiasCorr_OOFGlobal_BiologicalValidation/Figure4_full_cohort_main_and_S4_supplement_neuroimaging_associations/SupplementaryFigureS4E_heatmap_cBAG_neuroimaging_associations_full_no_cardiovascular_input_availability.csv

Saved cross-cohort figure:
/mnt/newStor/paros/paros_WORK/ines/results/BrainAgeValidation_AllCohorts_BAGBiasCorr_OOFGlobal_BiologicalValidation/Figure4_full_cohort_main_and_S4_supplement_neuroimaging_associations/SupplementaryFigureS4E_cross_cohort_cBAG_neuroimaging_associations_full_no_cardiovascular.png
/mnt/newStor/paros/paros_WORK/ines/results/BrainAgeValidation_AllCohorts_BAGBiasCorr_OOFGlobal_BiologicalValidation/Figure4_full_cohort_main_and_S4_supplement_neuroimaging_associations/SupplementaryFigureS4E_cross_cohort_cBAG_neuroimaging_associations_full_no_cardiovascular.pdf
/mnt/newStor/paros/paros_WORK/ines/results/BrainAgeValidation_AllCohorts_BAGBiasCorr_OOFGlobal_BiologicalValidation/Figure4_full_cohort_main_and_S4_supplement_neuroimaging_associations/SupplementaryFigureS4E_cross_cohort_cBAG_neuroimaging_associations_full_no_cardiovascular_stats.csv
/mnt/newStor/paros/paros_WORK/ines/results/BrainAgeValidation_AllCohorts_BAGBiasCorr_OOFGlobal_BiologicalValidation/Figure4_full_cohort_main_and_S4_supplement_neuroimaging_associations/SupplementaryFigureS4E_cross_cohort_cBAG_neuroimaging_associations_full_no_cardiovascular_source_data.csv

Saved manifest:
/mnt/newStor/paros/paros_WORK/ines/results/BrainAgeValidation_AllCohorts_BAGBiasCorr_OOFGlobal_BiologicalValidation/Figure4_full_cohort_main_and_S4_supplement_neuroimaging_associations/Figure4_SupplementaryFigureS4_manifest.csv
/mnt/newStor/paros/paros_WORK/ines/results/BrainAgeValidation_AllCohorts_BAGBiasCorr_OOFGlobal_BiologicalValidation/Figure4_full_cohort_main_and_S4_supplement_neuroimaging_associations/Figure4_SupplementaryFigureS4_manifest.xlsx

Done.
