nohup: ignoring input
[Parallel(n_jobs=4)]: Using backend LokyBackend with 4 concurrent workers.

====================================================================================================
FIGURE 6 SHAP BUILDER
====================================================================================================
RESULTS_ROOT: /mnt/newStor/paros/paros_WORK/ines/results
VALIDATION_BASE: /mnt/newStor/paros/paros_WORK/ines/results/BrainAgeValidation_AllCohorts_BAGBiasCorr_OOFGlobal_BiologicalValidation
OUT_BASE: /mnt/newStor/paros/paros_WORK/ines/results/BrainAgeValidation_AllCohorts_BAGBiasCorr_OOFGlobal_BiologicalValidation/Figure6_SHAP
OOF model folders:
  ADNI: /mnt/newStor/paros/paros_WORK/ines/results/BrainAgePredictionADNI_stratified_groupcv_targetnorm_bagbiascorr_oofglobal
  ADRC: /mnt/newStor/paros/paros_WORK/ines/results/BrainAgePredictionADRC_stratified_groupcv_targetnorm_bagbiascorr_oofglobal
  HABS: /mnt/newStor/paros/paros_WORK/ines/results/BrainAgePredictionHABS_stratified_groupcv_targetnorm_bagbiascorr_oofglobal
  AD_DECODE: /mnt/newStor/paros/paros_WORK/ines/results/BrainAgePredictionADDECODE_stratified_groupcv_targetnorm_bagbiascorr_oofglobal
Cohorts: ['ADNI', 'ADRC', 'HABS', 'AD_DECODE']
Feature sets: ['imaging_only', 'imaging_demographics', 'imaging_biomarkers', 'full', 'full_no_cardiovascular']
Main figure feature set: imaging_only
Skip computation: False
====================================================================================================

====================================================================================================
SHAP | cohort=ADNI | feature_set=imaging_only
====================================================================================================
Graph: /mnt/newStor/paros/paros_WORK/ines/results/harmonized/ADNI/graphs/imaging_only/graph_data_list_adni_all.pt
Model: /mnt/newStor/paros/paros_WORK/ines/results/BrainAgePredictionADNI_stratified_groupcv_targetnorm_bagbiascorr_oofglobal/ablation_imaging_only/brainage_adni_imaging_only_prediction_model.pt
Encoding: /mnt/newStor/paros/paros_WORK/ines/results/harmonized/ADNI/graphs/imaging_only/adni_feature_encoding_info.json
Output: /mnt/newStor/paros/paros_WORK/ines/results/BrainAgeValidation_AllCohorts_BAGBiasCorr_OOFGlobal_BiologicalValidation/Figure6_SHAP/adni/imaging_only
Loaded graphs: 188
Dims: {'node': 3, 'global': 4, 'edge': 1}
Global feature names: ['Clustering_Coeff', 'Path_Length', 'Global_Efficiency', 'Local_Efficiency']
[Parallel(n_jobs=4)]: Done   5 tasks      | elapsed:   10.8s
[Parallel(n_jobs=4)]: Done  10 tasks      | elapsed:   13.4s
[Parallel(n_jobs=4)]: Done  17 tasks      | elapsed:   17.7s
[Parallel(n_jobs=4)]: Done  24 tasks      | elapsed:   21.6s
[Parallel(n_jobs=4)]: Done  33 tasks      | elapsed:   26.8s
[Parallel(n_jobs=4)]: Done  42 tasks      | elapsed:   31.5s
[Parallel(n_jobs=4)]: Done  53 tasks      | elapsed:   36.8s
[Parallel(n_jobs=4)]: Done  64 tasks      | elapsed:   43.8s
[Parallel(n_jobs=4)]: Done  77 tasks      | elapsed:   51.4s
[Parallel(n_jobs=4)]: Done  90 tasks      | elapsed:   58.8s
[Parallel(n_jobs=4)]: Done 105 tasks      | elapsed:  1.1min
[Parallel(n_jobs=4)]: Done 120 tasks      | elapsed:  1.2min
[Parallel(n_jobs=4)]: Done 137 tasks      | elapsed:  1.4min
[Parallel(n_jobs=4)]: Done 154 tasks      | elapsed:  1.5min
[Parallel(n_jobs=4)]: Done 173 tasks      | elapsed:  1.7min
[Parallel(n_jobs=4)]: Done 188 out of 188 | elapsed:  1.9min finished
[Parallel(n_jobs=4)]: Using backend LokyBackend with 4 concurrent workers.
[Parallel(n_jobs=4)]: Done   5 tasks      | elapsed:    4.4s
[Parallel(n_jobs=4)]: Done  10 tasks      | elapsed:    6.6s
[Parallel(n_jobs=4)]: Done  17 tasks      | elapsed:   10.3s
[Parallel(n_jobs=4)]: Done  24 tasks      | elapsed:   14.3s
[Parallel(n_jobs=4)]: Done  33 tasks      | elapsed:   19.2s
[Parallel(n_jobs=4)]: Done  42 tasks      | elapsed:   23.8s
[Parallel(n_jobs=4)]: Done  53 tasks      | elapsed:   30.4s
[Parallel(n_jobs=4)]: Done  64 tasks      | elapsed:   35.2s
[Parallel(n_jobs=4)]: Done  77 tasks      | elapsed:   42.7s
[Parallel(n_jobs=4)]: Done  90 tasks      | elapsed:   50.0s
[Parallel(n_jobs=4)]: Done 105 tasks      | elapsed:   58.3s
[Parallel(n_jobs=4)]: Done 120 tasks      | elapsed:  1.1min
[Parallel(n_jobs=4)]: Done 137 tasks      | elapsed:  1.3min
[Parallel(n_jobs=4)]: Done 154 tasks      | elapsed:  1.4min
[Parallel(n_jobs=4)]: Done 173 tasks      | elapsed:  1.6min
[Parallel(n_jobs=4)]: Done 188 out of 188 | elapsed:  1.7min finished
[Parallel(n_jobs=4)]: Using backend LokyBackend with 4 concurrent workers.
[Parallel(n_jobs=4)]: Done   5 tasks      | elapsed:    3.4s
[Parallel(n_jobs=4)]: Done  10 tasks      | elapsed:    6.2s
[Parallel(n_jobs=4)]: Done  17 tasks      | elapsed:    9.5s
[Parallel(n_jobs=4)]: Done  24 tasks      | elapsed:   13.9s
[Parallel(n_jobs=4)]: Done  33 tasks      | elapsed:   18.1s
[Parallel(n_jobs=4)]: Done  42 tasks      | elapsed:   22.3s
[Parallel(n_jobs=4)]: Done  53 tasks      | elapsed:   27.8s
[Parallel(n_jobs=4)]: Done  64 tasks      | elapsed:   32.7s
[Parallel(n_jobs=4)]: Done  77 tasks      | elapsed:   39.8s
[Parallel(n_jobs=4)]: Done  90 tasks      | elapsed:   47.2s
[Parallel(n_jobs=4)]: Done 105 tasks      | elapsed:   55.7s
[Parallel(n_jobs=4)]: Done 120 tasks      | elapsed:  1.0min
[Parallel(n_jobs=4)]: Done 137 tasks      | elapsed:  1.2min
[Parallel(n_jobs=4)]: Done 154 tasks      | elapsed:  1.3min
[Parallel(n_jobs=4)]: Done 173 tasks      | elapsed:  1.5min
[Parallel(n_jobs=4)]: Done 188 out of 188 | elapsed:  1.6min finished
[Parallel(n_jobs=4)]: Using backend LokyBackend with 4 concurrent workers.
[Parallel(n_jobs=4)]: Done   5 tasks      | elapsed:    3.5s
[Parallel(n_jobs=4)]: Done  10 tasks      | elapsed:    6.1s
[Parallel(n_jobs=4)]: Done  17 tasks      | elapsed:    9.6s
[Parallel(n_jobs=4)]: Done  24 tasks      | elapsed:   13.6s
[Parallel(n_jobs=4)]: Done  33 tasks      | elapsed:   17.9s
[Parallel(n_jobs=4)]: Done  42 tasks      | elapsed:   22.0s
[Parallel(n_jobs=4)]: Done  53 tasks      | elapsed:   29.3s
[Parallel(n_jobs=4)]: Done  64 tasks      | elapsed:   34.7s
[Parallel(n_jobs=4)]: Done  77 tasks      | elapsed:   42.1s
[Parallel(n_jobs=4)]: Done  90 tasks      | elapsed:   48.9s
[Parallel(n_jobs=4)]: Done 105 tasks      | elapsed:   56.6s
[Parallel(n_jobs=4)]: Done 120 tasks      | elapsed:  1.1min
[Parallel(n_jobs=4)]: Done 137 tasks      | elapsed:  1.2min
[Parallel(n_jobs=4)]: Done 154 tasks      | elapsed:  1.4min
[Parallel(n_jobs=4)]: Done 173 tasks      | elapsed:  1.5min
[Parallel(n_jobs=4)]: Done 188 out of 188 | elapsed:  1.7min finished
[Parallel(n_jobs=4)]: Using backend LokyBackend with 4 concurrent workers.
[Parallel(n_jobs=4)]: Done   5 tasks      | elapsed:    3.5s
[Parallel(n_jobs=4)]: Done  10 tasks      | elapsed:    5.7s
[Parallel(n_jobs=4)]: Done  17 tasks      | elapsed:    9.3s
[Parallel(n_jobs=4)]: Done  24 tasks      | elapsed:   13.2s
[Parallel(n_jobs=4)]: Done  33 tasks      | elapsed:   17.6s
[Parallel(n_jobs=4)]: Done  42 tasks      | elapsed:   21.7s
[Parallel(n_jobs=4)]: Done  53 tasks      | elapsed:   27.8s
[Parallel(n_jobs=4)]: Done  64 tasks      | elapsed:   34.1s
[Parallel(n_jobs=4)]: Done  77 tasks      | elapsed:   40.5s
[Parallel(n_jobs=4)]: Done  90 tasks      | elapsed:   47.3s
[Parallel(n_jobs=4)]: Done 105 tasks      | elapsed:   54.3s
[Parallel(n_jobs=4)]: Done 120 tasks      | elapsed:  1.0min
[Parallel(n_jobs=4)]: Done 137 tasks      | elapsed:  1.2min
[Parallel(n_jobs=4)]: Done 154 tasks      | elapsed:  1.3min
[Parallel(n_jobs=4)]: Done 173 tasks      | elapsed:  1.4min
[Parallel(n_jobs=4)]: Done 188 out of 188 | elapsed:  1.6min finished
[Parallel(n_jobs=4)]: Using backend LokyBackend with 4 concurrent workers.
[Parallel(n_jobs=4)]: Done   5 tasks      | elapsed:    3.1s
[Parallel(n_jobs=4)]: Done  10 tasks      | elapsed:    5.5s
[Parallel(n_jobs=4)]: Done  17 tasks      | elapsed:    8.8s
[Parallel(n_jobs=4)]: Done  24 tasks      | elapsed:   12.1s
[Parallel(n_jobs=4)]: Done  33 tasks      | elapsed:   16.8s
[Parallel(n_jobs=4)]: Done  42 tasks      | elapsed:   21.8s
[Parallel(n_jobs=4)]: Done  53 tasks      | elapsed:   27.7s
[Parallel(n_jobs=4)]: Done  64 tasks      | elapsed:   32.9s
[Parallel(n_jobs=4)]: Done  77 tasks      | elapsed:   39.1s
[Parallel(n_jobs=4)]: Done  90 tasks      | elapsed:   45.6s
[Parallel(n_jobs=4)]: Done 105 tasks      | elapsed:   53.3s
[Parallel(n_jobs=4)]: Done 120 tasks      | elapsed:  1.0min
[Parallel(n_jobs=4)]: Done 137 tasks      | elapsed:  1.2min
[Parallel(n_jobs=4)]: Done 154 tasks      | elapsed:  1.3min
[Parallel(n_jobs=4)]: Done 173 tasks      | elapsed:  1.5min
[Parallel(n_jobs=4)]: Done 192 tasks      | elapsed:  1.7min
[Parallel(n_jobs=4)]: Done 204 out of 204 | elapsed:  1.8min finished
[Parallel(n_jobs=4)]: Using backend LokyBackend with 4 concurrent workers.
[Parallel(n_jobs=4)]: Done   5 tasks      | elapsed:    3.5s
[Parallel(n_jobs=4)]: Done  10 tasks      | elapsed:    6.5s
[Parallel(n_jobs=4)]: Done  17 tasks      | elapsed:    9.6s
[Parallel(n_jobs=4)]: Done  24 tasks      | elapsed:   13.3s
[Parallel(n_jobs=4)]: Done  33 tasks      | elapsed:   18.1s
[Parallel(n_jobs=4)]: Done  42 tasks      | elapsed:   22.8s
[Parallel(n_jobs=4)]: Done  53 tasks      | elapsed:   29.1s
[Parallel(n_jobs=4)]: Done  64 tasks      | elapsed:   34.9s
[Parallel(n_jobs=4)]: Done  77 tasks      | elapsed:   41.7s
[Parallel(n_jobs=4)]: Done  90 tasks      | elapsed:   48.4s
[Parallel(n_jobs=4)]: Done 105 tasks      | elapsed:   55.7s
[Parallel(n_jobs=4)]: Done 120 tasks      | elapsed:  1.1min
[Parallel(n_jobs=4)]: Done 137 tasks      | elapsed:  1.2min
[Parallel(n_jobs=4)]: Done 154 tasks      | elapsed:  1.4min
[Parallel(n_jobs=4)]: Done 173 tasks      | elapsed:  1.5min
[Parallel(n_jobs=4)]: Done 192 tasks      | elapsed:  1.7min
[Parallel(n_jobs=4)]: Done 204 out of 204 | elapsed:  1.8min finished
[Parallel(n_jobs=4)]: Using backend LokyBackend with 4 concurrent workers.
[Parallel(n_jobs=4)]: Done   5 tasks      | elapsed:    3.5s
[Parallel(n_jobs=4)]: Done  10 tasks      | elapsed:    5.5s
[Parallel(n_jobs=4)]: Done  17 tasks      | elapsed:    9.4s
[Parallel(n_jobs=4)]: Done  24 tasks      | elapsed:   13.3s
[Parallel(n_jobs=4)]: Done  33 tasks      | elapsed:   18.2s
[Parallel(n_jobs=4)]: Done  42 tasks      | elapsed:   23.0s
[Parallel(n_jobs=4)]: Done  53 tasks      | elapsed:   28.1s
[Parallel(n_jobs=4)]: Done  64 tasks      | elapsed:   34.6s
[Parallel(n_jobs=4)]: Done  77 tasks      | elapsed:   41.6s
[Parallel(n_jobs=4)]: Done  90 tasks      | elapsed:   49.2s
[Parallel(n_jobs=4)]: Done 105 tasks      | elapsed:   56.6s
[Parallel(n_jobs=4)]: Done 120 tasks      | elapsed:  1.1min
[Parallel(n_jobs=4)]: Done 137 tasks      | elapsed:  1.2min
[Parallel(n_jobs=4)]: Done 154 tasks      | elapsed:  1.4min
[Parallel(n_jobs=4)]: Done 173 tasks      | elapsed:  1.5min
[Parallel(n_jobs=4)]: Done 192 tasks      | elapsed:  1.7min
[Parallel(n_jobs=4)]: Done 204 out of 204 | elapsed:  1.8min finished
[Parallel(n_jobs=4)]: Using backend LokyBackend with 4 concurrent workers.
[Parallel(n_jobs=4)]: Done   5 tasks      | elapsed:    3.8s
[Parallel(n_jobs=4)]: Done  10 tasks      | elapsed:    6.5s
[Parallel(n_jobs=4)]: Done  17 tasks      | elapsed:   10.0s
[Parallel(n_jobs=4)]: Done  24 tasks      | elapsed:   13.5s
[Parallel(n_jobs=4)]: Done  33 tasks      | elapsed:   18.6s
[Parallel(n_jobs=4)]: Done  42 tasks      | elapsed:   23.7s
[Parallel(n_jobs=4)]: Done  53 tasks      | elapsed:   29.5s
[Parallel(n_jobs=4)]: Done  64 tasks      | elapsed:   34.5s
[Parallel(n_jobs=4)]: Done  77 tasks      | elapsed:   41.3s
[Parallel(n_jobs=4)]: Done  90 tasks      | elapsed:   48.6s
[Parallel(n_jobs=4)]: Done 105 tasks      | elapsed:   56.1s
[Parallel(n_jobs=4)]: Done 120 tasks      | elapsed:  1.1min
[Parallel(n_jobs=4)]: Done 137 tasks      | elapsed:  1.2min
[Parallel(n_jobs=4)]: Done 154 tasks      | elapsed:  1.4min
[Parallel(n_jobs=4)]: Done 173 tasks      | elapsed:  1.5min
[Parallel(n_jobs=4)]: Done 192 tasks      | elapsed:  1.7min
[Parallel(n_jobs=4)]: Done 204 out of 204 | elapsed:  1.8min finished
[Parallel(n_jobs=4)]: Using backend LokyBackend with 4 concurrent workers.
[Parallel(n_jobs=4)]: Done   5 tasks      | elapsed:    4.2s
[Parallel(n_jobs=4)]: Done  10 tasks      | elapsed:    6.3s
[Parallel(n_jobs=4)]: Done  17 tasks      | elapsed:   10.1s
[Parallel(n_jobs=4)]: Done  24 tasks      | elapsed:   13.5s
[Parallel(n_jobs=4)]: Done  33 tasks      | elapsed:   18.4s
[Parallel(n_jobs=4)]: Done  42 tasks      | elapsed:   23.7s
[Parallel(n_jobs=4)]: Done  53 tasks      | elapsed:   29.8s
[Parallel(n_jobs=4)]: Done  64 tasks      | elapsed:   35.8s
[Parallel(n_jobs=4)]: Done  77 tasks      | elapsed:   42.4s
[Parallel(n_jobs=4)]: Done  90 tasks      | elapsed:   50.3s
[Parallel(n_jobs=4)]: Done 105 tasks      | elapsed:   58.2s
[Parallel(n_jobs=4)]: Done 120 tasks      | elapsed:  1.1min
[Parallel(n_jobs=4)]: Done 137 tasks      | elapsed:  1.3min
[Parallel(n_jobs=4)]: Done 154 tasks      | elapsed:  1.4min
[Parallel(n_jobs=4)]: Done 173 tasks      | elapsed:  1.6min
[Parallel(n_jobs=4)]: Done 192 tasks      | elapsed:  1.7min
[Parallel(n_jobs=4)]: Done 204 out of 204 | elapsed:  1.8min finished
[Parallel(n_jobs=4)]: Using backend LokyBackend with 4 concurrent workers.
[Parallel(n_jobs=4)]: Done   5 tasks      | elapsed:    4.3s
[Parallel(n_jobs=4)]: Done  10 tasks      | elapsed:    6.6s
[Parallel(n_jobs=4)]: Done  17 tasks      | elapsed:   11.1s
[Parallel(n_jobs=4)]: Done  24 tasks      | elapsed:   15.5s
[Parallel(n_jobs=4)]: Done  33 tasks      | elapsed:   20.1s
[Parallel(n_jobs=4)]: Done  42 tasks      | elapsed:   25.2s
[Parallel(n_jobs=4)]: Done  53 tasks      | elapsed:   31.3s
[Parallel(n_jobs=4)]: Done  64 tasks      | elapsed:   37.6s
[Parallel(n_jobs=4)]: Done  77 tasks      | elapsed:   45.1s
[Parallel(n_jobs=4)]: Done  90 tasks      | elapsed:   52.0s
[Parallel(n_jobs=4)]: Done 105 tasks      | elapsed:  1.0min
[Parallel(n_jobs=4)]: Done 120 tasks      | elapsed:  1.1min
[Parallel(n_jobs=4)]: Done 137 tasks      | elapsed:  1.3min
[Parallel(n_jobs=4)]: Done 154 tasks      | elapsed:  1.4min
[Parallel(n_jobs=4)]: Done 173 tasks      | elapsed:  1.6min
[Parallel(n_jobs=4)]: Done 192 tasks      | elapsed:  1.8min
[Parallel(n_jobs=4)]: Done 213 tasks      | elapsed:  2.0min
[Parallel(n_jobs=4)]: Done 234 tasks      | elapsed:  2.2min
[Parallel(n_jobs=4)]: Done 257 tasks      | elapsed:  2.4min
[Parallel(n_jobs=4)]: Done 280 tasks      | elapsed:  2.6min
[Parallel(n_jobs=4)]: Done 305 tasks      | elapsed:  2.8min
[Parallel(n_jobs=4)]: Done 318 out of 318 | elapsed:  2.9min finished
[Parallel(n_jobs=4)]: Using backend LokyBackend with 4 concurrent workers.
[Parallel(n_jobs=4)]: Done   5 tasks      | elapsed:    3.5s
[Parallel(n_jobs=4)]: Done  10 tasks      | elapsed:    6.8s
[Parallel(n_jobs=4)]: Done  17 tasks      | elapsed:    9.6s
[Parallel(n_jobs=4)]: Done  24 tasks      | elapsed:   13.7s
[Parallel(n_jobs=4)]: Done  33 tasks      | elapsed:   18.3s
[Parallel(n_jobs=4)]: Done  42 tasks      | elapsed:   22.9s
[Parallel(n_jobs=4)]: Done  53 tasks      | elapsed:   29.4s
[Parallel(n_jobs=4)]: Done  64 tasks      | elapsed:   34.9s
[Parallel(n_jobs=4)]: Done  77 tasks      | elapsed:   42.9s
[Parallel(n_jobs=4)]: Done  90 tasks      | elapsed:   49.8s
[Parallel(n_jobs=4)]: Done 105 tasks      | elapsed:   58.6s
[Parallel(n_jobs=4)]: Done 120 tasks      | elapsed:  1.1min
[Parallel(n_jobs=4)]: Done 137 tasks      | elapsed:  1.2min
[Parallel(n_jobs=4)]: Done 154 tasks      | elapsed:  1.4min
[Parallel(n_jobs=4)]: Done 173 tasks      | elapsed:  1.6min
[Parallel(n_jobs=4)]: Done 192 tasks      | elapsed:  1.7min
[Parallel(n_jobs=4)]: Done 213 tasks      | elapsed:  1.9min
[Parallel(n_jobs=4)]: Done 234 tasks      | elapsed:  2.1min
[Parallel(n_jobs=4)]: Done 257 tasks      | elapsed:  2.3min
[Parallel(n_jobs=4)]: Done 280 tasks      | elapsed:  2.5min
[Parallel(n_jobs=4)]: Done 305 tasks      | elapsed:  2.8min
[Parallel(n_jobs=4)]: Done 318 out of 318 | elapsed:  2.9min finished
[Parallel(n_jobs=4)]: Using backend LokyBackend with 4 concurrent workers.
[Parallel(n_jobs=4)]: Done   5 tasks      | elapsed:    3.6s
[Parallel(n_jobs=4)]: Done  10 tasks      | elapsed:    6.9s
[Parallel(n_jobs=4)]: Done  17 tasks      | elapsed:    9.4s
[Parallel(n_jobs=4)]: Done  24 tasks      | elapsed:   14.6s
[Parallel(n_jobs=4)]: Done  33 tasks      | elapsed:   18.6s
[Parallel(n_jobs=4)]: Done  42 tasks      | elapsed:   24.5s
[Parallel(n_jobs=4)]: Done  53 tasks      | elapsed:   29.8s
[Parallel(n_jobs=4)]: Done  64 tasks      | elapsed:   35.1s
[Parallel(n_jobs=4)]: Done  77 tasks      | elapsed:   41.9s
[Parallel(n_jobs=4)]: Done  90 tasks      | elapsed:   49.6s
[Parallel(n_jobs=4)]: Done 105 tasks      | elapsed:   57.8s
[Parallel(n_jobs=4)]: Done 120 tasks      | elapsed:  1.1min
[Parallel(n_jobs=4)]: Done 137 tasks      | elapsed:  1.2min
[Parallel(n_jobs=4)]: Done 154 tasks      | elapsed:  1.4min
[Parallel(n_jobs=4)]: Done 173 tasks      | elapsed:  1.5min
[Parallel(n_jobs=4)]: Done 192 tasks      | elapsed:  1.7min
[Parallel(n_jobs=4)]: Done 213 tasks      | elapsed:  1.9min
[Parallel(n_jobs=4)]: Done 234 tasks      | elapsed:  2.1min
[Parallel(n_jobs=4)]: Done 257 tasks      | elapsed:  2.3min
[Parallel(n_jobs=4)]: Done 280 tasks      | elapsed:  2.6min
[Parallel(n_jobs=4)]: Done 305 tasks      | elapsed:  2.8min
[Parallel(n_jobs=4)]: Done 318 out of 318 | elapsed:  2.9min finished
[Parallel(n_jobs=4)]: Using backend LokyBackend with 4 concurrent workers.
[Parallel(n_jobs=4)]: Done   5 tasks      | elapsed:    4.0s
[Parallel(n_jobs=4)]: Done  10 tasks      | elapsed:    6.1s
[Parallel(n_jobs=4)]: Done  17 tasks      | elapsed:    9.8s
[Parallel(n_jobs=4)]: Done  24 tasks      | elapsed:   14.4s
[Parallel(n_jobs=4)]: Done  33 tasks      | elapsed:   19.4s
[Parallel(n_jobs=4)]: Done  42 tasks      | elapsed:   24.8s
[Parallel(n_jobs=4)]: Done  53 tasks      | elapsed:   31.1s
[Parallel(n_jobs=4)]: Done  64 tasks      | elapsed:   38.1s
[Parallel(n_jobs=4)]: Done  77 tasks      | elapsed:   45.0s
[Parallel(n_jobs=4)]: Done  90 tasks      | elapsed:   52.1s
[Parallel(n_jobs=4)]: Done 105 tasks      | elapsed:  1.0min
[Parallel(n_jobs=4)]: Done 120 tasks      | elapsed:  1.2min
[Parallel(n_jobs=4)]: Done 137 tasks      | elapsed:  1.3min
[Parallel(n_jobs=4)]: Done 154 tasks      | elapsed:  1.4min
[Parallel(n_jobs=4)]: Done 173 tasks      | elapsed:  1.6min
[Parallel(n_jobs=4)]: Done 192 tasks      | elapsed:  1.8min
[Parallel(n_jobs=4)]: Done 213 tasks      | elapsed:  2.0min
[Parallel(n_jobs=4)]: Done 234 tasks      | elapsed:  2.2min
[Parallel(n_jobs=4)]: Done 257 tasks      | elapsed:  2.4min
[Parallel(n_jobs=4)]: Done 280 tasks      | elapsed:  2.6min
[Parallel(n_jobs=4)]: Done 305 tasks      | elapsed:  2.8min
[Parallel(n_jobs=4)]: Done 318 out of 318 | elapsed:  2.9min finished
[Parallel(n_jobs=4)]: Using backend LokyBackend with 4 concurrent workers.
[Parallel(n_jobs=4)]: Done   5 tasks      | elapsed:    3.9s
[Parallel(n_jobs=4)]: Done  10 tasks      | elapsed:    6.4s
[Parallel(n_jobs=4)]: Done  17 tasks      | elapsed:   10.3s
[Parallel(n_jobs=4)]: Done  24 tasks      | elapsed:   14.5s
[Parallel(n_jobs=4)]: Done  33 tasks      | elapsed:   19.4s
[Parallel(n_jobs=4)]: Done  42 tasks      | elapsed:   24.3s
[Parallel(n_jobs=4)]: Done  53 tasks      | elapsed:   30.4s
[Parallel(n_jobs=4)]: Done  64 tasks      | elapsed:   37.2s
[Parallel(n_jobs=4)]: Done  77 tasks      | elapsed:   44.4s
[Parallel(n_jobs=4)]: Done  90 tasks      | elapsed:   50.7s
[Parallel(n_jobs=4)]: Done 105 tasks      | elapsed:   58.5s
[Parallel(n_jobs=4)]: Done 120 tasks      | elapsed:  1.1min
[Parallel(n_jobs=4)]: Done 137 tasks      | elapsed:  1.3min
[Parallel(n_jobs=4)]: Done 154 tasks      | elapsed:  1.4min
[Parallel(n_jobs=4)]: Done 173 tasks      | elapsed:  1.6min
[Parallel(n_jobs=4)]: Done 192 tasks      | elapsed:  1.7min
[Parallel(n_jobs=4)]: Done 213 tasks      | elapsed:  2.0min
[Parallel(n_jobs=4)]: Done 234 tasks      | elapsed:  2.1min
[Parallel(n_jobs=4)]: Done 257 tasks      | elapsed:  2.4min
[Parallel(n_jobs=4)]: Done 280 tasks      | elapsed:  2.6min
[Parallel(n_jobs=4)]: Done 305 tasks      | elapsed:  2.8min
[Parallel(n_jobs=4)]: Done 318 out of 318 | elapsed:  2.9min finished
[Parallel(n_jobs=4)]: Using backend LokyBackend with 4 concurrent workers.
[Parallel(n_jobs=4)]: Done   5 tasks      | elapsed:    3.4s
[Parallel(n_jobs=4)]: Done  10 tasks      | elapsed:    5.0s
[Parallel(n_jobs=4)]: Done  17 tasks      | elapsed:    8.1s
[Parallel(n_jobs=4)]: Done  24 tasks      | elapsed:   11.2s
[Parallel(n_jobs=4)]: Done  33 tasks      | elapsed:   15.1s
[Parallel(n_jobs=4)]: Done  42 tasks      | elapsed:   18.5s
[Parallel(n_jobs=4)]: Done  53 tasks      | elapsed:   22.7s
[Parallel(n_jobs=4)]: Done  64 tasks      | elapsed:   27.6s
[Parallel(n_jobs=4)]: Done  77 tasks      | elapsed:   32.5s
[Parallel(n_jobs=4)]: Done  86 out of  86 | elapsed:   37.0s finished
[Parallel(n_jobs=4)]: Using backend LokyBackend with 4 concurrent workers.
[Parallel(n_jobs=4)]: Done   5 tasks      | elapsed:    3.1s
[Parallel(n_jobs=4)]: Done  10 tasks      | elapsed:    4.9s
[Parallel(n_jobs=4)]: Done  17 tasks      | elapsed:    7.7s
[Parallel(n_jobs=4)]: Done  24 tasks      | elapsed:   10.2s
[Parallel(n_jobs=4)]: Done  33 tasks      | elapsed:   14.2s
[Parallel(n_jobs=4)]: Done  42 tasks      | elapsed:   17.9s
[Parallel(n_jobs=4)]: Done  53 tasks      | elapsed:   21.9s
[Parallel(n_jobs=4)]: Done  64 tasks      | elapsed:   26.4s
[Parallel(n_jobs=4)]: Done  77 tasks      | elapsed:   31.7s
[Parallel(n_jobs=4)]: Done  86 out of  86 | elapsed:   35.5s finished
[Parallel(n_jobs=4)]: Using backend LokyBackend with 4 concurrent workers.
[Parallel(n_jobs=4)]: Done   5 tasks      | elapsed:    3.3s
[Parallel(n_jobs=4)]: Done  10 tasks      | elapsed:    4.8s
[Parallel(n_jobs=4)]: Done  17 tasks      | elapsed:    8.0s
[Parallel(n_jobs=4)]: Done  24 tasks      | elapsed:   10.9s
[Parallel(n_jobs=4)]: Done  33 tasks      | elapsed:   14.9s
[Parallel(n_jobs=4)]: Done  42 tasks      | elapsed:   18.7s
[Parallel(n_jobs=4)]: Done  53 tasks      | elapsed:   22.6s
[Parallel(n_jobs=4)]: Done  64 tasks      | elapsed:   27.6s
[Parallel(n_jobs=4)]: Done  77 tasks      | elapsed:   32.6s
[Parallel(n_jobs=4)]: Done  86 out of  86 | elapsed:   36.0s finished
[Parallel(n_jobs=4)]: Using backend LokyBackend with 4 concurrent workers.
[Parallel(n_jobs=4)]: Done   5 tasks      | elapsed:    2.9s
[Parallel(n_jobs=4)]: Done  10 tasks      | elapsed:    4.7s
[Parallel(n_jobs=4)]: Done  17 tasks      | elapsed:    7.8s
[Parallel(n_jobs=4)]: Done  24 tasks      | elapsed:   10.3s
[Parallel(n_jobs=4)]: Done  33 tasks      | elapsed:   14.1s
[Parallel(n_jobs=4)]: Done  42 tasks      | elapsed:   17.4s
[Parallel(n_jobs=4)]: Done  53 tasks      | elapsed:   21.6s
[Parallel(n_jobs=4)]: Done  64 tasks      | elapsed:   26.5s
[Parallel(n_jobs=4)]: Done  77 tasks      | elapsed:   31.6s
[Parallel(n_jobs=4)]: Done  86 out of  86 | elapsed:   35.1s finished
[Parallel(n_jobs=4)]: Using backend LokyBackend with 4 concurrent workers.
[Parallel(n_jobs=4)]: Done   5 tasks      | elapsed:    3.4s
[Parallel(n_jobs=4)]: Done  10 tasks      | elapsed:    5.1s
[Parallel(n_jobs=4)]: Done  17 tasks      | elapsed:    8.0s
[Parallel(n_jobs=4)]: Done  24 tasks      | elapsed:   10.7s
[Parallel(n_jobs=4)]: Done  33 tasks      | elapsed:   14.7s
[Parallel(n_jobs=4)]: Done  42 tasks      | elapsed:   18.0s
[Parallel(n_jobs=4)]: Done  53 tasks      | elapsed:   21.9s
[Parallel(n_jobs=4)]: Done  64 tasks      | elapsed:   26.4s
[Parallel(n_jobs=4)]: Done  77 tasks      | elapsed:   31.5s
[Parallel(n_jobs=4)]: Done  86 out of  86 | elapsed:   34.9s finished
Saved subject-level SHAP run summary: /mnt/newStor/paros/paros_WORK/ines/results/BrainAgeValidation_AllCohorts_BAGBiasCorr_OOFGlobal_BiologicalValidation/Figure6_SHAP/adni/imaging_only/input_shap_summary_all_subjects.csv
Saved hierarchical clustermap: /mnt/newStor/paros/paros_WORK/ines/results/BrainAgeValidation_AllCohorts_BAGBiasCorr_OOFGlobal_BiologicalValidation/Figure6_SHAP/adni/imaging_only/hierarchical_clustering/adni_imaging_only_global_feature_shap_hierarchical_heatmap.png
Saved hierarchical clustermap: /mnt/newStor/paros/paros_WORK/ines/results/BrainAgeValidation_AllCohorts_BAGBiasCorr_OOFGlobal_BiologicalValidation/Figure6_SHAP/adni/imaging_only/hierarchical_clustering/adni_imaging_only_global_shap_graph_hierarchical_heatmap.png
Saved hierarchical clustermap: /mnt/newStor/paros/paros_WORK/ines/results/BrainAgeValidation_AllCohorts_BAGBiasCorr_OOFGlobal_BiologicalValidation/Figure6_SHAP/adni/imaging_only/hierarchical_clustering/adni_imaging_only_node_feature_shap_hierarchical_heatmap.png
Saved hierarchical clustermap: /mnt/newStor/paros/paros_WORK/ines/results/BrainAgeValidation_AllCohorts_BAGBiasCorr_OOFGlobal_BiologicalValidation/Figure6_SHAP/adni/imaging_only/hierarchical_clustering/adni_imaging_only_gnn_embedding_hierarchical_heatmap.png

====================================================================================================
SHAP | cohort=ADNI | feature_set=imaging_demographics
====================================================================================================
Graph: /mnt/newStor/paros/paros_WORK/ines/results/harmonized/ADNI/graphs/imaging_demographics/graph_data_list_adni_all.pt
Model: /mnt/newStor/paros/paros_WORK/ines/results/BrainAgePredictionADNI_stratified_groupcv_targetnorm_bagbiascorr_oofglobal/ablation_imaging_demographics/brainage_adni_imaging_demographics_prediction_model.pt
Encoding: /mnt/newStor/paros/paros_WORK/ines/results/harmonized/ADNI/graphs/imaging_demographics/adni_feature_encoding_info.json
Output: /mnt/newStor/paros/paros_WORK/ines/results/BrainAgeValidation_AllCohorts_BAGBiasCorr_OOFGlobal_BiologicalValidation/Figure6_SHAP/adni/imaging_demographics
Loaded graphs: 188
Dims: {'node': 3, 'global': 6, 'edge': 1}
Global feature names: ['sex_encoded', 'genotype_encoded', 'Clustering_Coeff', 'Path_Length', 'Global_Efficiency', 'Local_Efficiency']
Saved subject-level SHAP run summary: /mnt/newStor/paros/paros_WORK/ines/results/BrainAgeValidation_AllCohorts_BAGBiasCorr_OOFGlobal_BiologicalValidation/Figure6_SHAP/adni/imaging_demographics/input_shap_summary_all_subjects.csv
Saved hierarchical clustermap: /mnt/newStor/paros/paros_WORK/ines/results/BrainAgeValidation_AllCohorts_BAGBiasCorr_OOFGlobal_BiologicalValidation/Figure6_SHAP/adni/imaging_demographics/hierarchical_clustering/adni_imaging_demographics_global_feature_shap_hierarchical_heatmap.png
Saved hierarchical clustermap: /mnt/newStor/paros/paros_WORK/ines/results/BrainAgeValidation_AllCohorts_BAGBiasCorr_OOFGlobal_BiologicalValidation/Figure6_SHAP/adni/imaging_demographics/hierarchical_clustering/adni_imaging_demographics_global_shap_demographics_hierarchical_heatmap.png
Saved hierarchical clustermap: /mnt/newStor/paros/paros_WORK/ines/results/BrainAgeValidation_AllCohorts_BAGBiasCorr_OOFGlobal_BiologicalValidation/Figure6_SHAP/adni/imaging_demographics/hierarchical_clustering/adni_imaging_demographics_global_shap_graph_hierarchical_heatmap.png
Saved hierarchical clustermap: /mnt/newStor/paros/paros_WORK/ines/results/BrainAgeValidation_AllCohorts_BAGBiasCorr_OOFGlobal_BiologicalValidation/Figure6_SHAP/adni/imaging_demographics/hierarchical_clustering/adni_imaging_demographics_node_feature_shap_hierarchical_heatmap.png
Saved hierarchical clustermap: /mnt/newStor/paros/paros_WORK/ines/results/BrainAgeValidation_AllCohorts_BAGBiasCorr_OOFGlobal_BiologicalValidation/Figure6_SHAP/adni/imaging_demographics/hierarchical_clustering/adni_imaging_demographics_gnn_embedding_hierarchical_heatmap.png

====================================================================================================
SHAP | cohort=ADNI | feature_set=imaging_biomarkers
====================================================================================================
Graph: /mnt/newStor/paros/paros_WORK/ines/results/harmonized/ADNI/graphs/imaging_biomarkers/graph_data_list_adni_all.pt
Model: /mnt/newStor/paros/paros_WORK/ines/results/BrainAgePredictionADNI_stratified_groupcv_targetnorm_bagbiascorr_oofglobal/ablation_imaging_biomarkers/brainage_adni_imaging_biomarkers_prediction_model.pt
Encoding: /mnt/newStor/paros/paros_WORK/ines/results/harmonized/ADNI/graphs/imaging_biomarkers/adni_feature_encoding_info.json
Output: /mnt/newStor/paros/paros_WORK/ines/results/BrainAgeValidation_AllCohorts_BAGBiasCorr_OOFGlobal_BiologicalValidation/Figure6_SHAP/adni/imaging_biomarkers
Loaded graphs: 188
Dims: {'node': 3, 'global': 13, 'edge': 1}
Global feature names: ['sex_encoded', 'genotype_encoded', 'Clustering_Coeff', 'Path_Length', 'Global_Efficiency', 'Local_Efficiency', 'amyloid_40', 'amyloid_42', 'tau_total', 'ptau', 'ptau217', 'nfl', 'gfap']
Saved subject-level SHAP run summary: /mnt/newStor/paros/paros_WORK/ines/results/BrainAgeValidation_AllCohorts_BAGBiasCorr_OOFGlobal_BiologicalValidation/Figure6_SHAP/adni/imaging_biomarkers/input_shap_summary_all_subjects.csv
Saved hierarchical clustermap: /mnt/newStor/paros/paros_WORK/ines/results/BrainAgeValidation_AllCohorts_BAGBiasCorr_OOFGlobal_BiologicalValidation/Figure6_SHAP/adni/imaging_biomarkers/hierarchical_clustering/adni_imaging_biomarkers_global_feature_shap_hierarchical_heatmap.png
Saved hierarchical clustermap: /mnt/newStor/paros/paros_WORK/ines/results/BrainAgeValidation_AllCohorts_BAGBiasCorr_OOFGlobal_BiologicalValidation/Figure6_SHAP/adni/imaging_biomarkers/hierarchical_clustering/adni_imaging_biomarkers_global_shap_demographics_hierarchical_heatmap.png
Saved hierarchical clustermap: /mnt/newStor/paros/paros_WORK/ines/results/BrainAgeValidation_AllCohorts_BAGBiasCorr_OOFGlobal_BiologicalValidation/Figure6_SHAP/adni/imaging_biomarkers/hierarchical_clustering/adni_imaging_biomarkers_global_shap_graph_hierarchical_heatmap.png
Saved hierarchical clustermap: /mnt/newStor/paros/paros_WORK/ines/results/BrainAgeValidation_AllCohorts_BAGBiasCorr_OOFGlobal_BiologicalValidation/Figure6_SHAP/adni/imaging_biomarkers/hierarchical_clustering/adni_imaging_biomarkers_global_shap_biomarkers_hierarchical_heatmap.png
Saved hierarchical clustermap: /mnt/newStor/paros/paros_WORK/ines/results/BrainAgeValidation_AllCohorts_BAGBiasCorr_OOFGlobal_BiologicalValidation/Figure6_SHAP/adni/imaging_biomarkers/hierarchical_clustering/adni_imaging_biomarkers_node_feature_shap_hierarchical_heatmap.png
Saved hierarchical clustermap: /mnt/newStor/paros/paros_WORK/ines/results/BrainAgeValidation_AllCohorts_BAGBiasCorr_OOFGlobal_BiologicalValidation/Figure6_SHAP/adni/imaging_biomarkers/hierarchical_clustering/adni_imaging_biomarkers_gnn_embedding_hierarchical_heatmap.png

====================================================================================================
SHAP | cohort=ADNI | feature_set=full
====================================================================================================
Graph: /mnt/newStor/paros/paros_WORK/ines/results/harmonized/ADNI/graphs/full/graph_data_list_adni_all.pt
Model: /mnt/newStor/paros/paros_WORK/ines/results/BrainAgePredictionADNI_stratified_groupcv_targetnorm_bagbiascorr_oofglobal/ablation_full/brainage_adni_full_prediction_model.pt
Encoding: /mnt/newStor/paros/paros_WORK/ines/results/harmonized/ADNI/graphs/full/adni_feature_encoding_info.json
Output: /mnt/newStor/paros/paros_WORK/ines/results/BrainAgeValidation_AllCohorts_BAGBiasCorr_OOFGlobal_BiologicalValidation/Figure6_SHAP/adni/full
Loaded graphs: 188
Dims: {'node': 3, 'global': 17, 'edge': 1}
Global feature names: ['sex_encoded', 'genotype_encoded', 'Clustering_Coeff', 'Path_Length', 'Global_Efficiency', 'Local_Efficiency', 'bmi', 'bp_sys', 'bp_dia', 'pulse', 'amyloid_40', 'amyloid_42', 'tau_total', 'ptau', 'ptau217', 'nfl', 'gfap']
Saved subject-level SHAP run summary: /mnt/newStor/paros/paros_WORK/ines/results/BrainAgeValidation_AllCohorts_BAGBiasCorr_OOFGlobal_BiologicalValidation/Figure6_SHAP/adni/full/input_shap_summary_all_subjects.csv
Saved hierarchical clustermap: /mnt/newStor/paros/paros_WORK/ines/results/BrainAgeValidation_AllCohorts_BAGBiasCorr_OOFGlobal_BiologicalValidation/Figure6_SHAP/adni/full/hierarchical_clustering/adni_full_global_feature_shap_hierarchical_heatmap.png
Saved hierarchical clustermap: /mnt/newStor/paros/paros_WORK/ines/results/BrainAgeValidation_AllCohorts_BAGBiasCorr_OOFGlobal_BiologicalValidation/Figure6_SHAP/adni/full/hierarchical_clustering/adni_full_global_shap_demographics_hierarchical_heatmap.png
Saved hierarchical clustermap: /mnt/newStor/paros/paros_WORK/ines/results/BrainAgeValidation_AllCohorts_BAGBiasCorr_OOFGlobal_BiologicalValidation/Figure6_SHAP/adni/full/hierarchical_clustering/adni_full_global_shap_graph_hierarchical_heatmap.png
Saved hierarchical clustermap: /mnt/newStor/paros/paros_WORK/ines/results/BrainAgeValidation_AllCohorts_BAGBiasCorr_OOFGlobal_BiologicalValidation/Figure6_SHAP/adni/full/hierarchical_clustering/adni_full_global_shap_biomarkers_hierarchical_heatmap.png
Saved hierarchical clustermap: /mnt/newStor/paros/paros_WORK/ines/results/BrainAgeValidation_AllCohorts_BAGBiasCorr_OOFGlobal_BiologicalValidation/Figure6_SHAP/adni/full/hierarchical_clustering/adni_full_global_shap_cardiovascular_hierarchical_heatmap.png
Saved hierarchical clustermap: /mnt/newStor/paros/paros_WORK/ines/results/BrainAgeValidation_AllCohorts_BAGBiasCorr_OOFGlobal_BiologicalValidation/Figure6_SHAP/adni/full/hierarchical_clustering/adni_full_node_feature_shap_hierarchical_heatmap.png
Saved hierarchical clustermap: /mnt/newStor/paros/paros_WORK/ines/results/BrainAgeValidation_AllCohorts_BAGBiasCorr_OOFGlobal_BiologicalValidation/Figure6_SHAP/adni/full/hierarchical_clustering/adni_full_gnn_embedding_hierarchical_heatmap.png

====================================================================================================
SHAP | cohort=ADNI | feature_set=full_no_cardiovascular
====================================================================================================
Graph: /mnt/newStor/paros/paros_WORK/ines/results/harmonized/ADNI/graphs/full_no_cardiovascular/graph_data_list_adni_all.pt
Model: /mnt/newStor/paros/paros_WORK/ines/results/BrainAgePredictionADNI_stratified_groupcv_targetnorm_bagbiascorr_oofglobal/ablation_full_no_cardiovascular/brainage_adni_full_no_cardiovascular_prediction_model.pt
Encoding: /mnt/newStor/paros/paros_WORK/ines/results/harmonized/ADNI/graphs/full_no_cardiovascular/adni_feature_encoding_info.json
Output: /mnt/newStor/paros/paros_WORK/ines/results/BrainAgeValidation_AllCohorts_BAGBiasCorr_OOFGlobal_BiologicalValidation/Figure6_SHAP/adni/full_no_cardiovascular
Loaded graphs: 188
Dims: {'node': 3, 'global': 14, 'edge': 1}
Global feature names: ['sex_encoded', 'genotype_encoded', 'Clustering_Coeff', 'Path_Length', 'Global_Efficiency', 'Local_Efficiency', 'bmi', 'amyloid_40', 'amyloid_42', 'tau_total', 'ptau', 'ptau217', 'nfl', 'gfap']
Saved subject-level SHAP run summary: /mnt/newStor/paros/paros_WORK/ines/results/BrainAgeValidation_AllCohorts_BAGBiasCorr_OOFGlobal_BiologicalValidation/Figure6_SHAP/adni/full_no_cardiovascular/input_shap_summary_all_subjects.csv
Saved hierarchical clustermap: /mnt/newStor/paros/paros_WORK/ines/results/BrainAgeValidation_AllCohorts_BAGBiasCorr_OOFGlobal_BiologicalValidation/Figure6_SHAP/adni/full_no_cardiovascular/hierarchical_clustering/adni_full_no_cardiovascular_global_feature_shap_hierarchical_heatmap.png
Saved hierarchical clustermap: /mnt/newStor/paros/paros_WORK/ines/results/BrainAgeValidation_AllCohorts_BAGBiasCorr_OOFGlobal_BiologicalValidation/Figure6_SHAP/adni/full_no_cardiovascular/hierarchical_clustering/adni_full_no_cardiovascular_global_shap_demographics_hierarchical_heatmap.png
Saved hierarchical clustermap: /mnt/newStor/paros/paros_WORK/ines/results/BrainAgeValidation_AllCohorts_BAGBiasCorr_OOFGlobal_BiologicalValidation/Figure6_SHAP/adni/full_no_cardiovascular/hierarchical_clustering/adni_full_no_cardiovascular_global_shap_graph_hierarchical_heatmap.png
Saved hierarchical clustermap: /mnt/newStor/paros/paros_WORK/ines/results/BrainAgeValidation_AllCohorts_BAGBiasCorr_OOFGlobal_BiologicalValidation/Figure6_SHAP/adni/full_no_cardiovascular/hierarchical_clustering/adni_full_no_cardiovascular_global_shap_biomarkers_hierarchical_heatmap.png
Skipping clustermap; need >=2 subjects and >=2 columns: /mnt/newStor/paros/paros_WORK/ines/results/BrainAgeValidation_AllCohorts_BAGBiasCorr_OOFGlobal_BiologicalValidation/Figure6_SHAP/adni/full_no_cardiovascular/hierarchical_clustering/adni_full_no_cardiovascular_global_shap_cardiovascular_hierarchical_heatmap.png
Saved hierarchical clustermap: /mnt/newStor/paros/paros_WORK/ines/results/BrainAgeValidation_AllCohorts_BAGBiasCorr_OOFGlobal_BiologicalValidation/Figure6_SHAP/adni/full_no_cardiovascular/hierarchical_clustering/adni_full_no_cardiovascular_node_feature_shap_hierarchical_heatmap.png
Saved hierarchical clustermap: /mnt/newStor/paros/paros_WORK/ines/results/BrainAgeValidation_AllCohorts_BAGBiasCorr_OOFGlobal_BiologicalValidation/Figure6_SHAP/adni/full_no_cardiovascular/hierarchical_clustering/adni_full_no_cardiovascular_gnn_embedding_hierarchical_heatmap.png

====================================================================================================
SHAP | cohort=ADRC | feature_set=imaging_only
====================================================================================================
Graph: /mnt/newStor/paros/paros_WORK/ines/results/harmonized/ADRC/graphs/imaging_only/graph_data_list_adrc_all.pt
Model: /mnt/newStor/paros/paros_WORK/ines/results/BrainAgePredictionADRC_stratified_groupcv_targetnorm_bagbiascorr_oofglobal/ablation_imaging_only/brainage_adrc_imaging_only_prediction_model.pt
Encoding: /mnt/newStor/paros/paros_WORK/ines/results/harmonized/ADRC/graphs/imaging_only/adrc_feature_encoding_info.json
Output: /mnt/newStor/paros/paros_WORK/ines/results/BrainAgeValidation_AllCohorts_BAGBiasCorr_OOFGlobal_BiologicalValidation/Figure6_SHAP/adrc/imaging_only
Loaded graphs: 204
Dims: {'node': 3, 'global': 4, 'edge': 1}
Global feature names: ['Clustering_Coeff', 'Path_Length', 'Global_Efficiency', 'Local_Efficiency']
Saved subject-level SHAP run summary: /mnt/newStor/paros/paros_WORK/ines/results/BrainAgeValidation_AllCohorts_BAGBiasCorr_OOFGlobal_BiologicalValidation/Figure6_SHAP/adrc/imaging_only/input_shap_summary_all_subjects.csv
Saved hierarchical clustermap: /mnt/newStor/paros/paros_WORK/ines/results/BrainAgeValidation_AllCohorts_BAGBiasCorr_OOFGlobal_BiologicalValidation/Figure6_SHAP/adrc/imaging_only/hierarchical_clustering/adrc_imaging_only_global_feature_shap_hierarchical_heatmap.png
Saved hierarchical clustermap: /mnt/newStor/paros/paros_WORK/ines/results/BrainAgeValidation_AllCohorts_BAGBiasCorr_OOFGlobal_BiologicalValidation/Figure6_SHAP/adrc/imaging_only/hierarchical_clustering/adrc_imaging_only_global_shap_graph_hierarchical_heatmap.png
Saved hierarchical clustermap: /mnt/newStor/paros/paros_WORK/ines/results/BrainAgeValidation_AllCohorts_BAGBiasCorr_OOFGlobal_BiologicalValidation/Figure6_SHAP/adrc/imaging_only/hierarchical_clustering/adrc_imaging_only_node_feature_shap_hierarchical_heatmap.png
Saved hierarchical clustermap: /mnt/newStor/paros/paros_WORK/ines/results/BrainAgeValidation_AllCohorts_BAGBiasCorr_OOFGlobal_BiologicalValidation/Figure6_SHAP/adrc/imaging_only/hierarchical_clustering/adrc_imaging_only_gnn_embedding_hierarchical_heatmap.png

====================================================================================================
SHAP | cohort=ADRC | feature_set=imaging_demographics
====================================================================================================
Graph: /mnt/newStor/paros/paros_WORK/ines/results/harmonized/ADRC/graphs/imaging_demographics/graph_data_list_adrc_all.pt
Model: /mnt/newStor/paros/paros_WORK/ines/results/BrainAgePredictionADRC_stratified_groupcv_targetnorm_bagbiascorr_oofglobal/ablation_imaging_demographics/brainage_adrc_imaging_demographics_prediction_model.pt
Encoding: /mnt/newStor/paros/paros_WORK/ines/results/harmonized/ADRC/graphs/imaging_demographics/adrc_feature_encoding_info.json
Output: /mnt/newStor/paros/paros_WORK/ines/results/BrainAgeValidation_AllCohorts_BAGBiasCorr_OOFGlobal_BiologicalValidation/Figure6_SHAP/adrc/imaging_demographics
Loaded graphs: 204
Dims: {'node': 3, 'global': 6, 'edge': 1}
Global feature names: ['sex_encoded', 'genotype_encoded', 'Clustering_Coeff', 'Path_Length', 'Global_Efficiency', 'Local_Efficiency']
Saved subject-level SHAP run summary: /mnt/newStor/paros/paros_WORK/ines/results/BrainAgeValidation_AllCohorts_BAGBiasCorr_OOFGlobal_BiologicalValidation/Figure6_SHAP/adrc/imaging_demographics/input_shap_summary_all_subjects.csv
Saved hierarchical clustermap: /mnt/newStor/paros/paros_WORK/ines/results/BrainAgeValidation_AllCohorts_BAGBiasCorr_OOFGlobal_BiologicalValidation/Figure6_SHAP/adrc/imaging_demographics/hierarchical_clustering/adrc_imaging_demographics_global_feature_shap_hierarchical_heatmap.png
Saved hierarchical clustermap: /mnt/newStor/paros/paros_WORK/ines/results/BrainAgeValidation_AllCohorts_BAGBiasCorr_OOFGlobal_BiologicalValidation/Figure6_SHAP/adrc/imaging_demographics/hierarchical_clustering/adrc_imaging_demographics_global_shap_demographics_hierarchical_heatmap.png
Saved hierarchical clustermap: /mnt/newStor/paros/paros_WORK/ines/results/BrainAgeValidation_AllCohorts_BAGBiasCorr_OOFGlobal_BiologicalValidation/Figure6_SHAP/adrc/imaging_demographics/hierarchical_clustering/adrc_imaging_demographics_global_shap_graph_hierarchical_heatmap.png
Saved hierarchical clustermap: /mnt/newStor/paros/paros_WORK/ines/results/BrainAgeValidation_AllCohorts_BAGBiasCorr_OOFGlobal_BiologicalValidation/Figure6_SHAP/adrc/imaging_demographics/hierarchical_clustering/adrc_imaging_demographics_node_feature_shap_hierarchical_heatmap.png
Saved hierarchical clustermap: /mnt/newStor/paros/paros_WORK/ines/results/BrainAgeValidation_AllCohorts_BAGBiasCorr_OOFGlobal_BiologicalValidation/Figure6_SHAP/adrc/imaging_demographics/hierarchical_clustering/adrc_imaging_demographics_gnn_embedding_hierarchical_heatmap.png

====================================================================================================
SHAP | cohort=ADRC | feature_set=imaging_biomarkers
====================================================================================================
Graph: /mnt/newStor/paros/paros_WORK/ines/results/harmonized/ADRC/graphs/imaging_biomarkers/graph_data_list_adrc_all.pt
Model: /mnt/newStor/paros/paros_WORK/ines/results/BrainAgePredictionADRC_stratified_groupcv_targetnorm_bagbiascorr_oofglobal/ablation_imaging_biomarkers/brainage_adrc_imaging_biomarkers_prediction_model.pt
Encoding: /mnt/newStor/paros/paros_WORK/ines/results/harmonized/ADRC/graphs/imaging_biomarkers/adrc_feature_encoding_info.json
Output: /mnt/newStor/paros/paros_WORK/ines/results/BrainAgeValidation_AllCohorts_BAGBiasCorr_OOFGlobal_BiologicalValidation/Figure6_SHAP/adrc/imaging_biomarkers
Loaded graphs: 204
Dims: {'node': 3, 'global': 13, 'edge': 1}
Global feature names: ['sex_encoded', 'genotype_encoded', 'Clustering_Coeff', 'Path_Length', 'Global_Efficiency', 'Local_Efficiency', 'amyloid_40', 'amyloid_42', 'tau_total', 'ptau', 'ptau217', 'nfl', 'gfap']
Saved subject-level SHAP run summary: /mnt/newStor/paros/paros_WORK/ines/results/BrainAgeValidation_AllCohorts_BAGBiasCorr_OOFGlobal_BiologicalValidation/Figure6_SHAP/adrc/imaging_biomarkers/input_shap_summary_all_subjects.csv
Saved hierarchical clustermap: /mnt/newStor/paros/paros_WORK/ines/results/BrainAgeValidation_AllCohorts_BAGBiasCorr_OOFGlobal_BiologicalValidation/Figure6_SHAP/adrc/imaging_biomarkers/hierarchical_clustering/adrc_imaging_biomarkers_global_feature_shap_hierarchical_heatmap.png
Saved hierarchical clustermap: /mnt/newStor/paros/paros_WORK/ines/results/BrainAgeValidation_AllCohorts_BAGBiasCorr_OOFGlobal_BiologicalValidation/Figure6_SHAP/adrc/imaging_biomarkers/hierarchical_clustering/adrc_imaging_biomarkers_global_shap_demographics_hierarchical_heatmap.png
Saved hierarchical clustermap: /mnt/newStor/paros/paros_WORK/ines/results/BrainAgeValidation_AllCohorts_BAGBiasCorr_OOFGlobal_BiologicalValidation/Figure6_SHAP/adrc/imaging_biomarkers/hierarchical_clustering/adrc_imaging_biomarkers_global_shap_graph_hierarchical_heatmap.png
Saved hierarchical clustermap: /mnt/newStor/paros/paros_WORK/ines/results/BrainAgeValidation_AllCohorts_BAGBiasCorr_OOFGlobal_BiologicalValidation/Figure6_SHAP/adrc/imaging_biomarkers/hierarchical_clustering/adrc_imaging_biomarkers_global_shap_biomarkers_hierarchical_heatmap.png
Saved hierarchical clustermap: /mnt/newStor/paros/paros_WORK/ines/results/BrainAgeValidation_AllCohorts_BAGBiasCorr_OOFGlobal_BiologicalValidation/Figure6_SHAP/adrc/imaging_biomarkers/hierarchical_clustering/adrc_imaging_biomarkers_node_feature_shap_hierarchical_heatmap.png
Saved hierarchical clustermap: /mnt/newStor/paros/paros_WORK/ines/results/BrainAgeValidation_AllCohorts_BAGBiasCorr_OOFGlobal_BiologicalValidation/Figure6_SHAP/adrc/imaging_biomarkers/hierarchical_clustering/adrc_imaging_biomarkers_gnn_embedding_hierarchical_heatmap.png

====================================================================================================
SHAP | cohort=ADRC | feature_set=full
====================================================================================================
Graph: /mnt/newStor/paros/paros_WORK/ines/results/harmonized/ADRC/graphs/full/graph_data_list_adrc_all.pt
Model: /mnt/newStor/paros/paros_WORK/ines/results/BrainAgePredictionADRC_stratified_groupcv_targetnorm_bagbiascorr_oofglobal/ablation_full/brainage_adrc_full_prediction_model.pt
Encoding: /mnt/newStor/paros/paros_WORK/ines/results/harmonized/ADRC/graphs/full/adrc_feature_encoding_info.json
Output: /mnt/newStor/paros/paros_WORK/ines/results/BrainAgeValidation_AllCohorts_BAGBiasCorr_OOFGlobal_BiologicalValidation/Figure6_SHAP/adrc/full
Loaded graphs: 204
Dims: {'node': 3, 'global': 17, 'edge': 1}
Global feature names: ['sex_encoded', 'genotype_encoded', 'Clustering_Coeff', 'Path_Length', 'Global_Efficiency', 'Local_Efficiency', 'bmi', 'bp_sys', 'bp_dia', 'pulse', 'amyloid_40', 'amyloid_42', 'tau_total', 'ptau', 'ptau217', 'nfl', 'gfap']
Saved subject-level SHAP run summary: /mnt/newStor/paros/paros_WORK/ines/results/BrainAgeValidation_AllCohorts_BAGBiasCorr_OOFGlobal_BiologicalValidation/Figure6_SHAP/adrc/full/input_shap_summary_all_subjects.csv
Saved hierarchical clustermap: /mnt/newStor/paros/paros_WORK/ines/results/BrainAgeValidation_AllCohorts_BAGBiasCorr_OOFGlobal_BiologicalValidation/Figure6_SHAP/adrc/full/hierarchical_clustering/adrc_full_global_feature_shap_hierarchical_heatmap.png
Saved hierarchical clustermap: /mnt/newStor/paros/paros_WORK/ines/results/BrainAgeValidation_AllCohorts_BAGBiasCorr_OOFGlobal_BiologicalValidation/Figure6_SHAP/adrc/full/hierarchical_clustering/adrc_full_global_shap_demographics_hierarchical_heatmap.png
Saved hierarchical clustermap: /mnt/newStor/paros/paros_WORK/ines/results/BrainAgeValidation_AllCohorts_BAGBiasCorr_OOFGlobal_BiologicalValidation/Figure6_SHAP/adrc/full/hierarchical_clustering/adrc_full_global_shap_graph_hierarchical_heatmap.png
Saved hierarchical clustermap: /mnt/newStor/paros/paros_WORK/ines/results/BrainAgeValidation_AllCohorts_BAGBiasCorr_OOFGlobal_BiologicalValidation/Figure6_SHAP/adrc/full/hierarchical_clustering/adrc_full_global_shap_biomarkers_hierarchical_heatmap.png
Saved hierarchical clustermap: /mnt/newStor/paros/paros_WORK/ines/results/BrainAgeValidation_AllCohorts_BAGBiasCorr_OOFGlobal_BiologicalValidation/Figure6_SHAP/adrc/full/hierarchical_clustering/adrc_full_global_shap_cardiovascular_hierarchical_heatmap.png
Saved hierarchical clustermap: /mnt/newStor/paros/paros_WORK/ines/results/BrainAgeValidation_AllCohorts_BAGBiasCorr_OOFGlobal_BiologicalValidation/Figure6_SHAP/adrc/full/hierarchical_clustering/adrc_full_node_feature_shap_hierarchical_heatmap.png
Saved hierarchical clustermap: /mnt/newStor/paros/paros_WORK/ines/results/BrainAgeValidation_AllCohorts_BAGBiasCorr_OOFGlobal_BiologicalValidation/Figure6_SHAP/adrc/full/hierarchical_clustering/adrc_full_gnn_embedding_hierarchical_heatmap.png

====================================================================================================
SHAP | cohort=ADRC | feature_set=full_no_cardiovascular
====================================================================================================
Graph: /mnt/newStor/paros/paros_WORK/ines/results/harmonized/ADRC/graphs/full_no_cardiovascular/graph_data_list_adrc_all.pt
Model: /mnt/newStor/paros/paros_WORK/ines/results/BrainAgePredictionADRC_stratified_groupcv_targetnorm_bagbiascorr_oofglobal/ablation_full_no_cardiovascular/brainage_adrc_full_no_cardiovascular_prediction_model.pt
Encoding: /mnt/newStor/paros/paros_WORK/ines/results/harmonized/ADRC/graphs/full_no_cardiovascular/adrc_feature_encoding_info.json
Output: /mnt/newStor/paros/paros_WORK/ines/results/BrainAgeValidation_AllCohorts_BAGBiasCorr_OOFGlobal_BiologicalValidation/Figure6_SHAP/adrc/full_no_cardiovascular
Loaded graphs: 204
Dims: {'node': 3, 'global': 14, 'edge': 1}
Global feature names: ['sex_encoded', 'genotype_encoded', 'Clustering_Coeff', 'Path_Length', 'Global_Efficiency', 'Local_Efficiency', 'bmi', 'amyloid_40', 'amyloid_42', 'tau_total', 'ptau', 'ptau217', 'nfl', 'gfap']
Saved subject-level SHAP run summary: /mnt/newStor/paros/paros_WORK/ines/results/BrainAgeValidation_AllCohorts_BAGBiasCorr_OOFGlobal_BiologicalValidation/Figure6_SHAP/adrc/full_no_cardiovascular/input_shap_summary_all_subjects.csv
Saved hierarchical clustermap: /mnt/newStor/paros/paros_WORK/ines/results/BrainAgeValidation_AllCohorts_BAGBiasCorr_OOFGlobal_BiologicalValidation/Figure6_SHAP/adrc/full_no_cardiovascular/hierarchical_clustering/adrc_full_no_cardiovascular_global_feature_shap_hierarchical_heatmap.png
Saved hierarchical clustermap: /mnt/newStor/paros/paros_WORK/ines/results/BrainAgeValidation_AllCohorts_BAGBiasCorr_OOFGlobal_BiologicalValidation/Figure6_SHAP/adrc/full_no_cardiovascular/hierarchical_clustering/adrc_full_no_cardiovascular_global_shap_demographics_hierarchical_heatmap.png
Saved hierarchical clustermap: /mnt/newStor/paros/paros_WORK/ines/results/BrainAgeValidation_AllCohorts_BAGBiasCorr_OOFGlobal_BiologicalValidation/Figure6_SHAP/adrc/full_no_cardiovascular/hierarchical_clustering/adrc_full_no_cardiovascular_global_shap_graph_hierarchical_heatmap.png
Saved hierarchical clustermap: /mnt/newStor/paros/paros_WORK/ines/results/BrainAgeValidation_AllCohorts_BAGBiasCorr_OOFGlobal_BiologicalValidation/Figure6_SHAP/adrc/full_no_cardiovascular/hierarchical_clustering/adrc_full_no_cardiovascular_global_shap_biomarkers_hierarchical_heatmap.png
Skipping clustermap; need >=2 subjects and >=2 columns: /mnt/newStor/paros/paros_WORK/ines/results/BrainAgeValidation_AllCohorts_BAGBiasCorr_OOFGlobal_BiologicalValidation/Figure6_SHAP/adrc/full_no_cardiovascular/hierarchical_clustering/adrc_full_no_cardiovascular_global_shap_cardiovascular_hierarchical_heatmap.png
Saved hierarchical clustermap: /mnt/newStor/paros/paros_WORK/ines/results/BrainAgeValidation_AllCohorts_BAGBiasCorr_OOFGlobal_BiologicalValidation/Figure6_SHAP/adrc/full_no_cardiovascular/hierarchical_clustering/adrc_full_no_cardiovascular_node_feature_shap_hierarchical_heatmap.png
Saved hierarchical clustermap: /mnt/newStor/paros/paros_WORK/ines/results/BrainAgeValidation_AllCohorts_BAGBiasCorr_OOFGlobal_BiologicalValidation/Figure6_SHAP/adrc/full_no_cardiovascular/hierarchical_clustering/adrc_full_no_cardiovascular_gnn_embedding_hierarchical_heatmap.png

====================================================================================================
SHAP | cohort=HABS | feature_set=imaging_only
====================================================================================================
Graph: /mnt/newStor/paros/paros_WORK/ines/results/harmonized/HABS/graphs/imaging_only/graph_data_list_habs_all.pt
Model: /mnt/newStor/paros/paros_WORK/ines/results/BrainAgePredictionHABS_stratified_groupcv_targetnorm_bagbiascorr_oofglobal/ablation_imaging_only/brainage_habs_imaging_only_prediction_model.pt
Encoding: /mnt/newStor/paros/paros_WORK/ines/results/harmonized/HABS/graphs/imaging_only/habs_feature_encoding_info.json
Output: /mnt/newStor/paros/paros_WORK/ines/results/BrainAgeValidation_AllCohorts_BAGBiasCorr_OOFGlobal_BiologicalValidation/Figure6_SHAP/habs/imaging_only
Loaded graphs: 318
Dims: {'node': 3, 'global': 4, 'edge': 1}
Global feature names: ['Clustering_Coeff', 'Path_Length', 'Global_Efficiency', 'Local_Efficiency']
Saved subject-level SHAP run summary: /mnt/newStor/paros/paros_WORK/ines/results/BrainAgeValidation_AllCohorts_BAGBiasCorr_OOFGlobal_BiologicalValidation/Figure6_SHAP/habs/imaging_only/input_shap_summary_all_subjects.csv
Saved hierarchical clustermap: /mnt/newStor/paros/paros_WORK/ines/results/BrainAgeValidation_AllCohorts_BAGBiasCorr_OOFGlobal_BiologicalValidation/Figure6_SHAP/habs/imaging_only/hierarchical_clustering/habs_imaging_only_global_feature_shap_hierarchical_heatmap.png
Saved hierarchical clustermap: /mnt/newStor/paros/paros_WORK/ines/results/BrainAgeValidation_AllCohorts_BAGBiasCorr_OOFGlobal_BiologicalValidation/Figure6_SHAP/habs/imaging_only/hierarchical_clustering/habs_imaging_only_global_shap_graph_hierarchical_heatmap.png
Saved hierarchical clustermap: /mnt/newStor/paros/paros_WORK/ines/results/BrainAgeValidation_AllCohorts_BAGBiasCorr_OOFGlobal_BiologicalValidation/Figure6_SHAP/habs/imaging_only/hierarchical_clustering/habs_imaging_only_node_feature_shap_hierarchical_heatmap.png
Saved hierarchical clustermap: /mnt/newStor/paros/paros_WORK/ines/results/BrainAgeValidation_AllCohorts_BAGBiasCorr_OOFGlobal_BiologicalValidation/Figure6_SHAP/habs/imaging_only/hierarchical_clustering/habs_imaging_only_gnn_embedding_hierarchical_heatmap.png

====================================================================================================
SHAP | cohort=HABS | feature_set=imaging_demographics
====================================================================================================
Graph: /mnt/newStor/paros/paros_WORK/ines/results/harmonized/HABS/graphs/imaging_demographics/graph_data_list_habs_all.pt
Model: /mnt/newStor/paros/paros_WORK/ines/results/BrainAgePredictionHABS_stratified_groupcv_targetnorm_bagbiascorr_oofglobal/ablation_imaging_demographics/brainage_habs_imaging_demographics_prediction_model.pt
Encoding: /mnt/newStor/paros/paros_WORK/ines/results/harmonized/HABS/graphs/imaging_demographics/habs_feature_encoding_info.json
Output: /mnt/newStor/paros/paros_WORK/ines/results/BrainAgeValidation_AllCohorts_BAGBiasCorr_OOFGlobal_BiologicalValidation/Figure6_SHAP/habs/imaging_demographics
Loaded graphs: 318
Dims: {'node': 3, 'global': 6, 'edge': 1}
Global feature names: ['sex_encoded', 'genotype_encoded', 'Clustering_Coeff', 'Path_Length', 'Global_Efficiency', 'Local_Efficiency']
Saved subject-level SHAP run summary: /mnt/newStor/paros/paros_WORK/ines/results/BrainAgeValidation_AllCohorts_BAGBiasCorr_OOFGlobal_BiologicalValidation/Figure6_SHAP/habs/imaging_demographics/input_shap_summary_all_subjects.csv
Saved hierarchical clustermap: /mnt/newStor/paros/paros_WORK/ines/results/BrainAgeValidation_AllCohorts_BAGBiasCorr_OOFGlobal_BiologicalValidation/Figure6_SHAP/habs/imaging_demographics/hierarchical_clustering/habs_imaging_demographics_global_feature_shap_hierarchical_heatmap.png
Saved hierarchical clustermap: /mnt/newStor/paros/paros_WORK/ines/results/BrainAgeValidation_AllCohorts_BAGBiasCorr_OOFGlobal_BiologicalValidation/Figure6_SHAP/habs/imaging_demographics/hierarchical_clustering/habs_imaging_demographics_global_shap_demographics_hierarchical_heatmap.png
Saved hierarchical clustermap: /mnt/newStor/paros/paros_WORK/ines/results/BrainAgeValidation_AllCohorts_BAGBiasCorr_OOFGlobal_BiologicalValidation/Figure6_SHAP/habs/imaging_demographics/hierarchical_clustering/habs_imaging_demographics_global_shap_graph_hierarchical_heatmap.png
Saved hierarchical clustermap: /mnt/newStor/paros/paros_WORK/ines/results/BrainAgeValidation_AllCohorts_BAGBiasCorr_OOFGlobal_BiologicalValidation/Figure6_SHAP/habs/imaging_demographics/hierarchical_clustering/habs_imaging_demographics_node_feature_shap_hierarchical_heatmap.png
Saved hierarchical clustermap: /mnt/newStor/paros/paros_WORK/ines/results/BrainAgeValidation_AllCohorts_BAGBiasCorr_OOFGlobal_BiologicalValidation/Figure6_SHAP/habs/imaging_demographics/hierarchical_clustering/habs_imaging_demographics_gnn_embedding_hierarchical_heatmap.png

====================================================================================================
SHAP | cohort=HABS | feature_set=imaging_biomarkers
====================================================================================================
Graph: /mnt/newStor/paros/paros_WORK/ines/results/harmonized/HABS/graphs/imaging_biomarkers/graph_data_list_habs_all.pt
Model: /mnt/newStor/paros/paros_WORK/ines/results/BrainAgePredictionHABS_stratified_groupcv_targetnorm_bagbiascorr_oofglobal/ablation_imaging_biomarkers/brainage_habs_imaging_biomarkers_prediction_model.pt
Encoding: /mnt/newStor/paros/paros_WORK/ines/results/harmonized/HABS/graphs/imaging_biomarkers/habs_feature_encoding_info.json
Output: /mnt/newStor/paros/paros_WORK/ines/results/BrainAgeValidation_AllCohorts_BAGBiasCorr_OOFGlobal_BiologicalValidation/Figure6_SHAP/habs/imaging_biomarkers
Loaded graphs: 318
Dims: {'node': 3, 'global': 13, 'edge': 1}
Global feature names: ['sex_encoded', 'genotype_encoded', 'Clustering_Coeff', 'Path_Length', 'Global_Efficiency', 'Local_Efficiency', 'amyloid_40', 'amyloid_42', 'tau_total', 'ptau', 'ptau217', 'nfl', 'gfap']
Saved subject-level SHAP run summary: /mnt/newStor/paros/paros_WORK/ines/results/BrainAgeValidation_AllCohorts_BAGBiasCorr_OOFGlobal_BiologicalValidation/Figure6_SHAP/habs/imaging_biomarkers/input_shap_summary_all_subjects.csv
Saved hierarchical clustermap: /mnt/newStor/paros/paros_WORK/ines/results/BrainAgeValidation_AllCohorts_BAGBiasCorr_OOFGlobal_BiologicalValidation/Figure6_SHAP/habs/imaging_biomarkers/hierarchical_clustering/habs_imaging_biomarkers_global_feature_shap_hierarchical_heatmap.png
Saved hierarchical clustermap: /mnt/newStor/paros/paros_WORK/ines/results/BrainAgeValidation_AllCohorts_BAGBiasCorr_OOFGlobal_BiologicalValidation/Figure6_SHAP/habs/imaging_biomarkers/hierarchical_clustering/habs_imaging_biomarkers_global_shap_demographics_hierarchical_heatmap.png
Saved hierarchical clustermap: /mnt/newStor/paros/paros_WORK/ines/results/BrainAgeValidation_AllCohorts_BAGBiasCorr_OOFGlobal_BiologicalValidation/Figure6_SHAP/habs/imaging_biomarkers/hierarchical_clustering/habs_imaging_biomarkers_global_shap_graph_hierarchical_heatmap.png
Saved hierarchical clustermap: /mnt/newStor/paros/paros_WORK/ines/results/BrainAgeValidation_AllCohorts_BAGBiasCorr_OOFGlobal_BiologicalValidation/Figure6_SHAP/habs/imaging_biomarkers/hierarchical_clustering/habs_imaging_biomarkers_global_shap_biomarkers_hierarchical_heatmap.png
Saved hierarchical clustermap: /mnt/newStor/paros/paros_WORK/ines/results/BrainAgeValidation_AllCohorts_BAGBiasCorr_OOFGlobal_BiologicalValidation/Figure6_SHAP/habs/imaging_biomarkers/hierarchical_clustering/habs_imaging_biomarkers_node_feature_shap_hierarchical_heatmap.png
Saved hierarchical clustermap: /mnt/newStor/paros/paros_WORK/ines/results/BrainAgeValidation_AllCohorts_BAGBiasCorr_OOFGlobal_BiologicalValidation/Figure6_SHAP/habs/imaging_biomarkers/hierarchical_clustering/habs_imaging_biomarkers_gnn_embedding_hierarchical_heatmap.png

====================================================================================================
SHAP | cohort=HABS | feature_set=full
====================================================================================================
Graph: /mnt/newStor/paros/paros_WORK/ines/results/harmonized/HABS/graphs/full/graph_data_list_habs_all.pt
Model: /mnt/newStor/paros/paros_WORK/ines/results/BrainAgePredictionHABS_stratified_groupcv_targetnorm_bagbiascorr_oofglobal/ablation_full/brainage_habs_full_prediction_model.pt
Encoding: /mnt/newStor/paros/paros_WORK/ines/results/harmonized/HABS/graphs/full/habs_feature_encoding_info.json
Output: /mnt/newStor/paros/paros_WORK/ines/results/BrainAgeValidation_AllCohorts_BAGBiasCorr_OOFGlobal_BiologicalValidation/Figure6_SHAP/habs/full
Loaded graphs: 318
Dims: {'node': 3, 'global': 17, 'edge': 1}
Global feature names: ['sex_encoded', 'genotype_encoded', 'Clustering_Coeff', 'Path_Length', 'Global_Efficiency', 'Local_Efficiency', 'bmi', 'bp_sys', 'bp_dia', 'pulse', 'amyloid_40', 'amyloid_42', 'tau_total', 'ptau', 'ptau217', 'nfl', 'gfap']
Saved subject-level SHAP run summary: /mnt/newStor/paros/paros_WORK/ines/results/BrainAgeValidation_AllCohorts_BAGBiasCorr_OOFGlobal_BiologicalValidation/Figure6_SHAP/habs/full/input_shap_summary_all_subjects.csv
Saved hierarchical clustermap: /mnt/newStor/paros/paros_WORK/ines/results/BrainAgeValidation_AllCohorts_BAGBiasCorr_OOFGlobal_BiologicalValidation/Figure6_SHAP/habs/full/hierarchical_clustering/habs_full_global_feature_shap_hierarchical_heatmap.png
Saved hierarchical clustermap: /mnt/newStor/paros/paros_WORK/ines/results/BrainAgeValidation_AllCohorts_BAGBiasCorr_OOFGlobal_BiologicalValidation/Figure6_SHAP/habs/full/hierarchical_clustering/habs_full_global_shap_demographics_hierarchical_heatmap.png
Saved hierarchical clustermap: /mnt/newStor/paros/paros_WORK/ines/results/BrainAgeValidation_AllCohorts_BAGBiasCorr_OOFGlobal_BiologicalValidation/Figure6_SHAP/habs/full/hierarchical_clustering/habs_full_global_shap_graph_hierarchical_heatmap.png
Saved hierarchical clustermap: /mnt/newStor/paros/paros_WORK/ines/results/BrainAgeValidation_AllCohorts_BAGBiasCorr_OOFGlobal_BiologicalValidation/Figure6_SHAP/habs/full/hierarchical_clustering/habs_full_global_shap_biomarkers_hierarchical_heatmap.png
Saved hierarchical clustermap: /mnt/newStor/paros/paros_WORK/ines/results/BrainAgeValidation_AllCohorts_BAGBiasCorr_OOFGlobal_BiologicalValidation/Figure6_SHAP/habs/full/hierarchical_clustering/habs_full_global_shap_cardiovascular_hierarchical_heatmap.png
Saved hierarchical clustermap: /mnt/newStor/paros/paros_WORK/ines/results/BrainAgeValidation_AllCohorts_BAGBiasCorr_OOFGlobal_BiologicalValidation/Figure6_SHAP/habs/full/hierarchical_clustering/habs_full_node_feature_shap_hierarchical_heatmap.png
Saved hierarchical clustermap: /mnt/newStor/paros/paros_WORK/ines/results/BrainAgeValidation_AllCohorts_BAGBiasCorr_OOFGlobal_BiologicalValidation/Figure6_SHAP/habs/full/hierarchical_clustering/habs_full_gnn_embedding_hierarchical_heatmap.png

====================================================================================================
SHAP | cohort=HABS | feature_set=full_no_cardiovascular
====================================================================================================
Graph: /mnt/newStor/paros/paros_WORK/ines/results/harmonized/HABS/graphs/full_no_cardiovascular/graph_data_list_habs_all.pt
Model: /mnt/newStor/paros/paros_WORK/ines/results/BrainAgePredictionHABS_stratified_groupcv_targetnorm_bagbiascorr_oofglobal/ablation_full_no_cardiovascular/brainage_habs_full_no_cardiovascular_prediction_model.pt
Encoding: /mnt/newStor/paros/paros_WORK/ines/results/harmonized/HABS/graphs/full_no_cardiovascular/habs_feature_encoding_info.json
Output: /mnt/newStor/paros/paros_WORK/ines/results/BrainAgeValidation_AllCohorts_BAGBiasCorr_OOFGlobal_BiologicalValidation/Figure6_SHAP/habs/full_no_cardiovascular
Loaded graphs: 318
Dims: {'node': 3, 'global': 14, 'edge': 1}
Global feature names: ['sex_encoded', 'genotype_encoded', 'Clustering_Coeff', 'Path_Length', 'Global_Efficiency', 'Local_Efficiency', 'bmi', 'amyloid_40', 'amyloid_42', 'tau_total', 'ptau', 'ptau217', 'nfl', 'gfap']
Saved subject-level SHAP run summary: /mnt/newStor/paros/paros_WORK/ines/results/BrainAgeValidation_AllCohorts_BAGBiasCorr_OOFGlobal_BiologicalValidation/Figure6_SHAP/habs/full_no_cardiovascular/input_shap_summary_all_subjects.csv
Saved hierarchical clustermap: /mnt/newStor/paros/paros_WORK/ines/results/BrainAgeValidation_AllCohorts_BAGBiasCorr_OOFGlobal_BiologicalValidation/Figure6_SHAP/habs/full_no_cardiovascular/hierarchical_clustering/habs_full_no_cardiovascular_global_feature_shap_hierarchical_heatmap.png
Saved hierarchical clustermap: /mnt/newStor/paros/paros_WORK/ines/results/BrainAgeValidation_AllCohorts_BAGBiasCorr_OOFGlobal_BiologicalValidation/Figure6_SHAP/habs/full_no_cardiovascular/hierarchical_clustering/habs_full_no_cardiovascular_global_shap_demographics_hierarchical_heatmap.png
Saved hierarchical clustermap: /mnt/newStor/paros/paros_WORK/ines/results/BrainAgeValidation_AllCohorts_BAGBiasCorr_OOFGlobal_BiologicalValidation/Figure6_SHAP/habs/full_no_cardiovascular/hierarchical_clustering/habs_full_no_cardiovascular_global_shap_graph_hierarchical_heatmap.png
Saved hierarchical clustermap: /mnt/newStor/paros/paros_WORK/ines/results/BrainAgeValidation_AllCohorts_BAGBiasCorr_OOFGlobal_BiologicalValidation/Figure6_SHAP/habs/full_no_cardiovascular/hierarchical_clustering/habs_full_no_cardiovascular_global_shap_biomarkers_hierarchical_heatmap.png
Skipping clustermap; need >=2 subjects and >=2 columns: /mnt/newStor/paros/paros_WORK/ines/results/BrainAgeValidation_AllCohorts_BAGBiasCorr_OOFGlobal_BiologicalValidation/Figure6_SHAP/habs/full_no_cardiovascular/hierarchical_clustering/habs_full_no_cardiovascular_global_shap_cardiovascular_hierarchical_heatmap.png
Saved hierarchical clustermap: /mnt/newStor/paros/paros_WORK/ines/results/BrainAgeValidation_AllCohorts_BAGBiasCorr_OOFGlobal_BiologicalValidation/Figure6_SHAP/habs/full_no_cardiovascular/hierarchical_clustering/habs_full_no_cardiovascular_node_feature_shap_hierarchical_heatmap.png
Saved hierarchical clustermap: /mnt/newStor/paros/paros_WORK/ines/results/BrainAgeValidation_AllCohorts_BAGBiasCorr_OOFGlobal_BiologicalValidation/Figure6_SHAP/habs/full_no_cardiovascular/hierarchical_clustering/habs_full_no_cardiovascular_gnn_embedding_hierarchical_heatmap.png

====================================================================================================
SHAP | cohort=AD_DECODE | feature_set=imaging_only
====================================================================================================
Graph: /mnt/newStor/paros/paros_WORK/ines/results/harmonized/AD_DECODE/graphs/imaging_only/graph_data_list_ad_decode_all.pt
Model: /mnt/newStor/paros/paros_WORK/ines/results/BrainAgePredictionADDECODE_stratified_groupcv_targetnorm_bagbiascorr_oofglobal/ablation_imaging_only/brainage_addecode_imaging_only_prediction_model.pt
Encoding: /mnt/newStor/paros/paros_WORK/ines/results/harmonized/AD_DECODE/graphs/imaging_only/ad_decode_feature_encoding_info.json
Output: /mnt/newStor/paros/paros_WORK/ines/results/BrainAgeValidation_AllCohorts_BAGBiasCorr_OOFGlobal_BiologicalValidation/Figure6_SHAP/addecode/imaging_only
Loaded graphs: 86
Dims: {'node': 3, 'global': 4, 'edge': 1}
Global feature names: ['Clustering_Coeff', 'Path_Length', 'Global_Efficiency', 'Local_Efficiency']
Saved subject-level SHAP run summary: /mnt/newStor/paros/paros_WORK/ines/results/BrainAgeValidation_AllCohorts_BAGBiasCorr_OOFGlobal_BiologicalValidation/Figure6_SHAP/addecode/imaging_only/input_shap_summary_all_subjects.csv
Saved hierarchical clustermap: /mnt/newStor/paros/paros_WORK/ines/results/BrainAgeValidation_AllCohorts_BAGBiasCorr_OOFGlobal_BiologicalValidation/Figure6_SHAP/addecode/imaging_only/hierarchical_clustering/ad_decode_imaging_only_global_feature_shap_hierarchical_heatmap.png
Saved hierarchical clustermap: /mnt/newStor/paros/paros_WORK/ines/results/BrainAgeValidation_AllCohorts_BAGBiasCorr_OOFGlobal_BiologicalValidation/Figure6_SHAP/addecode/imaging_only/hierarchical_clustering/ad_decode_imaging_only_global_shap_graph_hierarchical_heatmap.png
Saved hierarchical clustermap: /mnt/newStor/paros/paros_WORK/ines/results/BrainAgeValidation_AllCohorts_BAGBiasCorr_OOFGlobal_BiologicalValidation/Figure6_SHAP/addecode/imaging_only/hierarchical_clustering/ad_decode_imaging_only_node_feature_shap_hierarchical_heatmap.png
Saved hierarchical clustermap: /mnt/newStor/paros/paros_WORK/ines/results/BrainAgeValidation_AllCohorts_BAGBiasCorr_OOFGlobal_BiologicalValidation/Figure6_SHAP/addecode/imaging_only/hierarchical_clustering/ad_decode_imaging_only_gnn_embedding_hierarchical_heatmap.png

====================================================================================================
SHAP | cohort=AD_DECODE | feature_set=imaging_demographics
====================================================================================================
Graph: /mnt/newStor/paros/paros_WORK/ines/results/harmonized/AD_DECODE/graphs/imaging_demographics/graph_data_list_ad_decode_all.pt
Model: /mnt/newStor/paros/paros_WORK/ines/results/BrainAgePredictionADDECODE_stratified_groupcv_targetnorm_bagbiascorr_oofglobal/ablation_imaging_demographics/brainage_addecode_imaging_demographics_prediction_model.pt
Encoding: /mnt/newStor/paros/paros_WORK/ines/results/harmonized/AD_DECODE/graphs/imaging_demographics/ad_decode_feature_encoding_info.json
Output: /mnt/newStor/paros/paros_WORK/ines/results/BrainAgeValidation_AllCohorts_BAGBiasCorr_OOFGlobal_BiologicalValidation/Figure6_SHAP/addecode/imaging_demographics
Loaded graphs: 86
Dims: {'node': 3, 'global': 6, 'edge': 1}
Global feature names: ['sex_encoded', 'genotype_encoded', 'Clustering_Coeff', 'Path_Length', 'Global_Efficiency', 'Local_Efficiency']
Saved subject-level SHAP run summary: /mnt/newStor/paros/paros_WORK/ines/results/BrainAgeValidation_AllCohorts_BAGBiasCorr_OOFGlobal_BiologicalValidation/Figure6_SHAP/addecode/imaging_demographics/input_shap_summary_all_subjects.csv
Saved hierarchical clustermap: /mnt/newStor/paros/paros_WORK/ines/results/BrainAgeValidation_AllCohorts_BAGBiasCorr_OOFGlobal_BiologicalValidation/Figure6_SHAP/addecode/imaging_demographics/hierarchical_clustering/ad_decode_imaging_demographics_global_feature_shap_hierarchical_heatmap.png
Saved hierarchical clustermap: /mnt/newStor/paros/paros_WORK/ines/results/BrainAgeValidation_AllCohorts_BAGBiasCorr_OOFGlobal_BiologicalValidation/Figure6_SHAP/addecode/imaging_demographics/hierarchical_clustering/ad_decode_imaging_demographics_global_shap_demographics_hierarchical_heatmap.png
Saved hierarchical clustermap: /mnt/newStor/paros/paros_WORK/ines/results/BrainAgeValidation_AllCohorts_BAGBiasCorr_OOFGlobal_BiologicalValidation/Figure6_SHAP/addecode/imaging_demographics/hierarchical_clustering/ad_decode_imaging_demographics_global_shap_graph_hierarchical_heatmap.png
Saved hierarchical clustermap: /mnt/newStor/paros/paros_WORK/ines/results/BrainAgeValidation_AllCohorts_BAGBiasCorr_OOFGlobal_BiologicalValidation/Figure6_SHAP/addecode/imaging_demographics/hierarchical_clustering/ad_decode_imaging_demographics_node_feature_shap_hierarchical_heatmap.png
Saved hierarchical clustermap: /mnt/newStor/paros/paros_WORK/ines/results/BrainAgeValidation_AllCohorts_BAGBiasCorr_OOFGlobal_BiologicalValidation/Figure6_SHAP/addecode/imaging_demographics/hierarchical_clustering/ad_decode_imaging_demographics_gnn_embedding_hierarchical_heatmap.png

====================================================================================================
SHAP | cohort=AD_DECODE | feature_set=imaging_biomarkers
====================================================================================================
Graph: /mnt/newStor/paros/paros_WORK/ines/results/harmonized/AD_DECODE/graphs/imaging_biomarkers/graph_data_list_ad_decode_all.pt
Model: /mnt/newStor/paros/paros_WORK/ines/results/BrainAgePredictionADDECODE_stratified_groupcv_targetnorm_bagbiascorr_oofglobal/ablation_imaging_biomarkers/brainage_addecode_imaging_biomarkers_prediction_model.pt
Encoding: /mnt/newStor/paros/paros_WORK/ines/results/harmonized/AD_DECODE/graphs/imaging_biomarkers/ad_decode_feature_encoding_info.json
Output: /mnt/newStor/paros/paros_WORK/ines/results/BrainAgeValidation_AllCohorts_BAGBiasCorr_OOFGlobal_BiologicalValidation/Figure6_SHAP/addecode/imaging_biomarkers
Loaded graphs: 86
Dims: {'node': 3, 'global': 16, 'edge': 1}
Global feature names: ['sex_encoded', 'genotype_encoded', 'Clustering_Coeff', 'Path_Length', 'Global_Efficiency', 'Local_Efficiency', 'PC1', 'PC2', 'PC3', 'PC4', 'PC5', 'PC6', 'PC7', 'PC8', 'PC9', 'PC10']
Saved subject-level SHAP run summary: /mnt/newStor/paros/paros_WORK/ines/results/BrainAgeValidation_AllCohorts_BAGBiasCorr_OOFGlobal_BiologicalValidation/Figure6_SHAP/addecode/imaging_biomarkers/input_shap_summary_all_subjects.csv
Saved hierarchical clustermap: /mnt/newStor/paros/paros_WORK/ines/results/BrainAgeValidation_AllCohorts_BAGBiasCorr_OOFGlobal_BiologicalValidation/Figure6_SHAP/addecode/imaging_biomarkers/hierarchical_clustering/ad_decode_imaging_biomarkers_global_feature_shap_hierarchical_heatmap.png
Saved hierarchical clustermap: /mnt/newStor/paros/paros_WORK/ines/results/BrainAgeValidation_AllCohorts_BAGBiasCorr_OOFGlobal_BiologicalValidation/Figure6_SHAP/addecode/imaging_biomarkers/hierarchical_clustering/ad_decode_imaging_biomarkers_global_shap_demographics_hierarchical_heatmap.png
Saved hierarchical clustermap: /mnt/newStor/paros/paros_WORK/ines/results/BrainAgeValidation_AllCohorts_BAGBiasCorr_OOFGlobal_BiologicalValidation/Figure6_SHAP/addecode/imaging_biomarkers/hierarchical_clustering/ad_decode_imaging_biomarkers_global_shap_graph_hierarchical_heatmap.png
Saved hierarchical clustermap: /mnt/newStor/paros/paros_WORK/ines/results/BrainAgeValidation_AllCohorts_BAGBiasCorr_OOFGlobal_BiologicalValidation/Figure6_SHAP/addecode/imaging_biomarkers/hierarchical_clustering/ad_decode_imaging_biomarkers_global_shap_other_hierarchical_heatmap.png
Saved hierarchical clustermap: /mnt/newStor/paros/paros_WORK/ines/results/BrainAgeValidation_AllCohorts_BAGBiasCorr_OOFGlobal_BiologicalValidation/Figure6_SHAP/addecode/imaging_biomarkers/hierarchical_clustering/ad_decode_imaging_biomarkers_node_feature_shap_hierarchical_heatmap.png
Saved hierarchical clustermap: /mnt/newStor/paros/paros_WORK/ines/results/BrainAgeValidation_AllCohorts_BAGBiasCorr_OOFGlobal_BiologicalValidation/Figure6_SHAP/addecode/imaging_biomarkers/hierarchical_clustering/ad_decode_imaging_biomarkers_gnn_embedding_hierarchical_heatmap.png

====================================================================================================
SHAP | cohort=AD_DECODE | feature_set=full
====================================================================================================
Graph: /mnt/newStor/paros/paros_WORK/ines/results/harmonized/AD_DECODE/graphs/full/graph_data_list_ad_decode_all.pt
Model: /mnt/newStor/paros/paros_WORK/ines/results/BrainAgePredictionADDECODE_stratified_groupcv_targetnorm_bagbiascorr_oofglobal/ablation_full/brainage_addecode_full_prediction_model.pt
Encoding: /mnt/newStor/paros/paros_WORK/ines/results/harmonized/AD_DECODE/graphs/full/ad_decode_feature_encoding_info.json
Output: /mnt/newStor/paros/paros_WORK/ines/results/BrainAgeValidation_AllCohorts_BAGBiasCorr_OOFGlobal_BiologicalValidation/Figure6_SHAP/addecode/full
Loaded graphs: 86
Dims: {'node': 3, 'global': 20, 'edge': 1}
Global feature names: ['sex_encoded', 'genotype_encoded', 'Clustering_Coeff', 'Path_Length', 'Global_Efficiency', 'Local_Efficiency', 'bmi', 'bp_sys', 'bp_dia', 'pulse', 'PC1', 'PC2', 'PC3', 'PC4', 'PC5', 'PC6', 'PC7', 'PC8', 'PC9', 'PC10']
Saved subject-level SHAP run summary: /mnt/newStor/paros/paros_WORK/ines/results/BrainAgeValidation_AllCohorts_BAGBiasCorr_OOFGlobal_BiologicalValidation/Figure6_SHAP/addecode/full/input_shap_summary_all_subjects.csv
Saved hierarchical clustermap: /mnt/newStor/paros/paros_WORK/ines/results/BrainAgeValidation_AllCohorts_BAGBiasCorr_OOFGlobal_BiologicalValidation/Figure6_SHAP/addecode/full/hierarchical_clustering/ad_decode_full_global_feature_shap_hierarchical_heatmap.png
Saved hierarchical clustermap: /mnt/newStor/paros/paros_WORK/ines/results/BrainAgeValidation_AllCohorts_BAGBiasCorr_OOFGlobal_BiologicalValidation/Figure6_SHAP/addecode/full/hierarchical_clustering/ad_decode_full_global_shap_demographics_hierarchical_heatmap.png
Saved hierarchical clustermap: /mnt/newStor/paros/paros_WORK/ines/results/BrainAgeValidation_AllCohorts_BAGBiasCorr_OOFGlobal_BiologicalValidation/Figure6_SHAP/addecode/full/hierarchical_clustering/ad_decode_full_global_shap_graph_hierarchical_heatmap.png
Saved hierarchical clustermap: /mnt/newStor/paros/paros_WORK/ines/results/BrainAgeValidation_AllCohorts_BAGBiasCorr_OOFGlobal_BiologicalValidation/Figure6_SHAP/addecode/full/hierarchical_clustering/ad_decode_full_global_shap_cardiovascular_hierarchical_heatmap.png
Saved hierarchical clustermap: /mnt/newStor/paros/paros_WORK/ines/results/BrainAgeValidation_AllCohorts_BAGBiasCorr_OOFGlobal_BiologicalValidation/Figure6_SHAP/addecode/full/hierarchical_clustering/ad_decode_full_global_shap_other_hierarchical_heatmap.png
Saved hierarchical clustermap: /mnt/newStor/paros/paros_WORK/ines/results/BrainAgeValidation_AllCohorts_BAGBiasCorr_OOFGlobal_BiologicalValidation/Figure6_SHAP/addecode/full/hierarchical_clustering/ad_decode_full_node_feature_shap_hierarchical_heatmap.png
Saved hierarchical clustermap: /mnt/newStor/paros/paros_WORK/ines/results/BrainAgeValidation_AllCohorts_BAGBiasCorr_OOFGlobal_BiologicalValidation/Figure6_SHAP/addecode/full/hierarchical_clustering/ad_decode_full_gnn_embedding_hierarchical_heatmap.png

====================================================================================================
SHAP | cohort=AD_DECODE | feature_set=full_no_cardiovascular
====================================================================================================
Graph: /mnt/newStor/paros/paros_WORK/ines/results/harmonized/AD_DECODE/graphs/full_no_cardiovascular/graph_data_list_ad_decode_all.pt
Model: /mnt/newStor/paros/paros_WORK/ines/results/BrainAgePredictionADDECODE_stratified_groupcv_targetnorm_bagbiascorr_oofglobal/ablation_full_no_cardiovascular/brainage_addecode_full_no_cardiovascular_prediction_model.pt
Encoding: /mnt/newStor/paros/paros_WORK/ines/results/harmonized/AD_DECODE/graphs/full_no_cardiovascular/ad_decode_feature_encoding_info.json
Output: /mnt/newStor/paros/paros_WORK/ines/results/BrainAgeValidation_AllCohorts_BAGBiasCorr_OOFGlobal_BiologicalValidation/Figure6_SHAP/addecode/full_no_cardiovascular
Loaded graphs: 86
Dims: {'node': 3, 'global': 17, 'edge': 1}
Global feature names: ['sex_encoded', 'genotype_encoded', 'Clustering_Coeff', 'Path_Length', 'Global_Efficiency', 'Local_Efficiency', 'bmi', 'PC1', 'PC2', 'PC3', 'PC4', 'PC5', 'PC6', 'PC7', 'PC8', 'PC9', 'PC10']
Saved subject-level SHAP run summary: /mnt/newStor/paros/paros_WORK/ines/results/BrainAgeValidation_AllCohorts_BAGBiasCorr_OOFGlobal_BiologicalValidation/Figure6_SHAP/addecode/full_no_cardiovascular/input_shap_summary_all_subjects.csv
Saved hierarchical clustermap: /mnt/newStor/paros/paros_WORK/ines/results/BrainAgeValidation_AllCohorts_BAGBiasCorr_OOFGlobal_BiologicalValidation/Figure6_SHAP/addecode/full_no_cardiovascular/hierarchical_clustering/ad_decode_full_no_cardiovascular_global_feature_shap_hierarchical_heatmap.png
Saved hierarchical clustermap: /mnt/newStor/paros/paros_WORK/ines/results/BrainAgeValidation_AllCohorts_BAGBiasCorr_OOFGlobal_BiologicalValidation/Figure6_SHAP/addecode/full_no_cardiovascular/hierarchical_clustering/ad_decode_full_no_cardiovascular_global_shap_demographics_hierarchical_heatmap.png
Saved hierarchical clustermap: /mnt/newStor/paros/paros_WORK/ines/results/BrainAgeValidation_AllCohorts_BAGBiasCorr_OOFGlobal_BiologicalValidation/Figure6_SHAP/addecode/full_no_cardiovascular/hierarchical_clustering/ad_decode_full_no_cardiovascular_global_shap_graph_hierarchical_heatmap.png
Skipping clustermap; need >=2 subjects and >=2 columns: /mnt/newStor/paros/paros_WORK/ines/results/BrainAgeValidation_AllCohorts_BAGBiasCorr_OOFGlobal_BiologicalValidation/Figure6_SHAP/addecode/full_no_cardiovascular/hierarchical_clustering/ad_decode_full_no_cardiovascular_global_shap_cardiovascular_hierarchical_heatmap.png
Saved hierarchical clustermap: /mnt/newStor/paros/paros_WORK/ines/results/BrainAgeValidation_AllCohorts_BAGBiasCorr_OOFGlobal_BiologicalValidation/Figure6_SHAP/addecode/full_no_cardiovascular/hierarchical_clustering/ad_decode_full_no_cardiovascular_global_shap_other_hierarchical_heatmap.png
Saved hierarchical clustermap: /mnt/newStor/paros/paros_WORK/ines/results/BrainAgeValidation_AllCohorts_BAGBiasCorr_OOFGlobal_BiologicalValidation/Figure6_SHAP/addecode/full_no_cardiovascular/hierarchical_clustering/ad_decode_full_no_cardiovascular_node_feature_shap_hierarchical_heatmap.png
Saved hierarchical clustermap: /mnt/newStor/paros/paros_WORK/ines/results/BrainAgeValidation_AllCohorts_BAGBiasCorr_OOFGlobal_BiologicalValidation/Figure6_SHAP/addecode/full_no_cardiovascular/hierarchical_clustering/ad_decode_full_no_cardiovascular_gnn_embedding_hierarchical_heatmap.png

Building Figure 6 main and Supplementary Figure 6...

====================================================================================================
FIGURE 6 SHAP FINISHED
Combined summary: /mnt/newStor/paros/paros_WORK/ines/results/BrainAgeValidation_AllCohorts_BAGBiasCorr_OOFGlobal_BiologicalValidation/Figure6_SHAP/combined_shap_run_summary.csv
Figure manifest: /mnt/newStor/paros/paros_WORK/ines/results/BrainAgeValidation_AllCohorts_BAGBiasCorr_OOFGlobal_BiologicalValidation/Figure6_SHAP/Figure6_SHAP_figure_manifest.csv
Saved Figure 6: ['/mnt/newStor/paros/paros_WORK/ines/results/BrainAgeValidation_AllCohorts_BAGBiasCorr_OOFGlobal_BiologicalValidation/Figure6_SHAP/Figure6_main_SHAP_interpretability.png', '/mnt/newStor/paros/paros_WORK/ines/results/BrainAgeValidation_AllCohorts_BAGBiasCorr_OOFGlobal_BiologicalValidation/Figure6_SHAP/Figure6_main_SHAP_interpretability.pdf']
Saved Supplementary Figure 6: ['/mnt/newStor/paros/paros_WORK/ines/results/BrainAgeValidation_AllCohorts_BAGBiasCorr_OOFGlobal_BiologicalValidation/Figure6_SHAP/Supplementary_Figure6_SHAP_ablation_summary.png', '/mnt/newStor/paros/paros_WORK/ines/results/BrainAgeValidation_AllCohorts_BAGBiasCorr_OOFGlobal_BiologicalValidation/Figure6_SHAP/Supplementary_Figure6_SHAP_ablation_summary.pdf']
Output base: /mnt/newStor/paros/paros_WORK/ines/results/BrainAgeValidation_AllCohorts_BAGBiasCorr_OOFGlobal_BiologicalValidation/Figure6_SHAP
====================================================================================================

====================================================================================================
FIGURE 6 MASTER v3: COMPLETE CROSS-COHORT SHAP BUILD
====================================================================================================
OUT_BASE: /mnt/newStor/paros/paros_WORK/ines/results/BrainAgeValidation_AllCohorts_BAGBiasCorr_OOFGlobal_BiologicalValidation/Figure6_SHAP
Cohorts:  ADNI, ADRC, HABS, AD_DECODE
Models:   imaging_only, imaging_demographics, imaging_biomarkers, full, full_no_cardiovascular
====================================================================================================

--- Processing model: imaging_only ---

--- Processing model: imaging_demographics ---

--- Processing model: imaging_biomarkers ---

--- Processing model: full ---

--- Processing model: full_no_cardiovascular ---

Finished Figure 6 MASTER v3.
Master manifest: /mnt/newStor/paros/paros_WORK/ines/results/BrainAgeValidation_AllCohorts_BAGBiasCorr_OOFGlobal_BiologicalValidation/Figure6_SHAP/cross_cohort_aggregated/Figure6_MASTER_v3_workflow_manifest.csv

Key final outputs:
  /mnt/newStor/paros/paros_WORK/ines/results/BrainAgeValidation_AllCohorts_BAGBiasCorr_OOFGlobal_BiologicalValidation/Figure6_SHAP/cross_cohort_aggregated/final_figures/per_model_panels/Figure6_combined_imaging_only_model_WITH_EDGES.png
  /mnt/newStor/paros/paros_WORK/ines/results/BrainAgeValidation_AllCohorts_BAGBiasCorr_OOFGlobal_BiologicalValidation/Figure6_SHAP/cross_cohort_aggregated/final_figures/per_model_panels/Figure6_combined_imaging_demographics_model_WITH_EDGES.png
  /mnt/newStor/paros/paros_WORK/ines/results/BrainAgeValidation_AllCohorts_BAGBiasCorr_OOFGlobal_BiologicalValidation/Figure6_SHAP/cross_cohort_aggregated/final_figures/per_model_panels/Figure6_combined_imaging_biomarkers_model_WITH_EDGES.png
  /mnt/newStor/paros/paros_WORK/ines/results/BrainAgeValidation_AllCohorts_BAGBiasCorr_OOFGlobal_BiologicalValidation/Figure6_SHAP/cross_cohort_aggregated/final_figures/per_model_panels/Figure6_combined_full_model_WITH_EDGES.png
  /mnt/newStor/paros/paros_WORK/ines/results/BrainAgeValidation_AllCohorts_BAGBiasCorr_OOFGlobal_BiologicalValidation/Figure6_SHAP/cross_cohort_aggregated/final_figures/per_model_panels/Figure6_combined_full_no_cardiovascular_model_WITH_EDGES.png
  /mnt/newStor/paros/paros_WORK/ines/results/BrainAgeValidation_AllCohorts_BAGBiasCorr_OOFGlobal_BiologicalValidation/Figure6_SHAP/cross_cohort_aggregated/final_figures/Figure6_combined_imaging_only_model_WITH_EDGES.png
  /mnt/newStor/paros/paros_WORK/ines/results/BrainAgeValidation_AllCohorts_BAGBiasCorr_OOFGlobal_BiologicalValidation/Figure6_SHAP/cross_cohort_aggregated/final_figures/Supplementary_Figure6_model_comparison_global_edges_regions_nodes.png
  /mnt/newStor/paros/paros_WORK/ines/results/BrainAgeValidation_AllCohorts_BAGBiasCorr_OOFGlobal_BiologicalValidation/Figure6_SHAP/cross_cohort_aggregated/final_figures/Figure6_final_assembly_source_manifest.csv
  /mnt/newStor/paros/paros_WORK/ines/results/BrainAgeValidation_AllCohorts_BAGBiasCorr_OOFGlobal_BiologicalValidation/Figure6_SHAP/cross_cohort_aggregated/final_figures/Supplementary_Figure6B_global_feature_SHAP_beeswarm_imaging_only_model.png
  /mnt/newStor/paros/paros_WORK/ines/results/BrainAgeValidation_AllCohorts_BAGBiasCorr_OOFGlobal_BiologicalValidation/Figure6_SHAP/cross_cohort_aggregated/final_figures/Supplementary_Figure6C_node_feature_SHAP_beeswarm_imaging_only_model.png
  /mnt/newStor/paros/paros_WORK/ines/results/BrainAgeValidation_AllCohorts_BAGBiasCorr_OOFGlobal_BiologicalValidation/Figure6_SHAP/cross_cohort_aggregated/final_figures/Figure6_final_outputs_manifest.csv
Figure 6 OOF SHAP pipeline
mode: compute-and-aggregate
out_base: /mnt/newStor/paros/paros_WORK/ines/results/BrainAgeValidation_AllCohorts_BAGBiasCorr_OOFGlobal_BiologicalValidation/Figure6_SHAP
cohorts: ADNI,ADRC,HABS,AD_DECODE
feature_sets: imaging_only,imaging_demographics,imaging_biomarkers,full,full_no_cardiovascular
main_model: imaging_only
thread caps: {'OMP_NUM_THREADS': '1', 'MKL_NUM_THREADS': '1', 'OPENBLAS_NUM_THREADS': '1', 'NUMEXPR_NUM_THREADS': '1', 'VECLIB_MAXIMUM_THREADS': '1', 'BLIS_NUM_THREADS': '1'}

====================================================================================================
RUN: /home/apps/ubuntu-22.04/anaconda3/envs/columns_analyses/bin/python /mnt/newStor/paros/paros_WORK/ines/code/BAG_Stability052627/Figure6_build.py --cohorts ADNI,ADRC,HABS,AD_DECODE --feature-sets imaging_only,imaging_demographics,imaging_biomarkers,full,full_no_cardiovascular --main-feature-set imaging_only --out-base /mnt/newStor/paros/paros_WORK/ines/results/BrainAgeValidation_AllCohorts_BAGBiasCorr_OOFGlobal_BiologicalValidation/Figure6_SHAP --skip-computation 0 --formats png,pdf --dpi 450 --n-jobs 4 --run-global-shap 1 --run-node-shap 1 --run-edge-shap 1 --max-subjects None
====================================================================================================

====================================================================================================
RUN: /home/apps/ubuntu-22.04/anaconda3/envs/columns_analyses/bin/python /mnt/newStor/paros/paros_WORK/ines/code/BAG_Stability052627/FIgure6_aggregateC.py --out-base /mnt/newStor/paros/paros_WORK/ines/results/BrainAgeValidation_AllCohorts_BAGBiasCorr_OOFGlobal_BiologicalValidation/Figure6_SHAP --cohorts ADNI,ADRC,HABS,AD_DECODE --models imaging_only,imaging_demographics,imaging_biomarkers,full,full_no_cardiovascular --main-model imaging_only --dpi 450
====================================================================================================

[DONE] Figure 6 OOF SHAP pipeline finished.
Check outputs under:
/mnt/newStor/paros/paros_WORK/ines/results/BrainAgeValidation_AllCohorts_BAGBiasCorr_OOFGlobal_BiologicalValidation/Figure6_SHAP/cross_cohort_aggregated
