/mnt/newStor/paros/paros_WORK/ines/code/BAG_Stability052627/Figure7_cross_cohort_final_reads_oof.py:1167: MatplotlibDeprecationWarning: The 'labels' parameter of boxplot() has been renamed 'tick_labels' since Matplotlib 3.9; support for the old name will be dropped in 3.11.
  ax.boxplot(data, labels=labels, showfliers=False)
BASE_DIR:          /mnt/newStor/paros/paros_WORK/ines/results/BrainAgeValidation_AllCohorts_BAGBiasCorr_OOFGlobal_BiologicalValidation
RESULTS_ROOT:      /mnt/newStor/paros/paros_WORK/ines/results
OUTDIR:            /mnt/newStor/paros/paros_WORK/ines/results/BrainAgeValidation_AllCohorts_BAGBiasCorr_OOFGlobal_BiologicalValidation/Figure7_cross_cohort_replication_RMSE
Main feature set:  imaging_only
CV evaluation:     OOF_BIAS_CORRECTED
Cohorts:           ADNI, ADRC, HABS, AD_DECODE
Feature sets:      imaging_only, imaging_demographics, imaging_biomarkers, full, full_no_cardiovascular
Formats:           png, pdf
[INFO] Loading CV metrics from combined summary: /mnt/newStor/paros/paros_WORK/ines/results/BrainAgeValidation_AllCohorts_BAGBiasCorr_OOFGlobal_BiologicalValidation/combined_cv_summaries.csv

Saved Figure 7 outputs:
  /mnt/newStor/paros/paros_WORK/ines/results/BrainAgeValidation_AllCohorts_BAGBiasCorr_OOFGlobal_BiologicalValidation/Figure7_cross_cohort_replication_RMSE/Figure7_cross_cohort_replication.png
  /mnt/newStor/paros/paros_WORK/ines/results/BrainAgeValidation_AllCohorts_BAGBiasCorr_OOFGlobal_BiologicalValidation/Figure7_cross_cohort_replication_RMSE/Figure7_cross_cohort_replication.pdf

Saved Supplementary Figure 7 outputs:
  /mnt/newStor/paros/paros_WORK/ines/results/BrainAgeValidation_AllCohorts_BAGBiasCorr_OOFGlobal_BiologicalValidation/Figure7_cross_cohort_replication_RMSE/Supplementary_Figure7_cross_cohort_replication.png
  /mnt/newStor/paros/paros_WORK/ines/results/BrainAgeValidation_AllCohorts_BAGBiasCorr_OOFGlobal_BiologicalValidation/Figure7_cross_cohort_replication_RMSE/Supplementary_Figure7_cross_cohort_replication.pdf

Saved tables:
  Dataset summary:       /mnt/newStor/paros/paros_WORK/ines/results/BrainAgeValidation_AllCohorts_BAGBiasCorr_OOFGlobal_BiologicalValidation/Figure7_cross_cohort_replication_RMSE/figure7_dataset_summary.csv
  Model metric summary:  /mnt/newStor/paros/paros_WORK/ines/results/BrainAgeValidation_AllCohorts_BAGBiasCorr_OOFGlobal_BiologicalValidation/Figure7_cross_cohort_replication_RMSE/figure7_model_metric_summary.csv
  Endpoint stats:        /mnt/newStor/paros/paros_WORK/ines/results/BrainAgeValidation_AllCohorts_BAGBiasCorr_OOFGlobal_BiologicalValidation/Figure7_cross_cohort_replication_RMSE/figure7_endpoint_correlation_stats.csv
  Replication summary:   /mnt/newStor/paros/paros_WORK/ines/results/BrainAgeValidation_AllCohorts_BAGBiasCorr_OOFGlobal_BiologicalValidation/Figure7_cross_cohort_replication_RMSE/figure7_replication_summary.csv
  Manifest:              /mnt/newStor/paros/paros_WORK/ines/results/BrainAgeValidation_AllCohorts_BAGBiasCorr_OOFGlobal_BiologicalValidation/Figure7_cross_cohort_replication_RMSE/figure7_manifest.csv

Top replication endpoints:
                   endpoint         domain  n_cohorts  total_n    meta_r  meta_ci_low  meta_ci_high  same_direction_n       meta_p
       Graph/network metric        Network          4     1122 -0.153447    -0.210312     -0.095547                 3 2.562985e-07
                  Cognition       Clinical          4     1122  0.004425    -0.054351      0.063170                 2 8.827881e-01
                       GFAP      Biomarker          2      232  0.014509    -0.115351      0.143882                 1 8.273231e-01
               Amyloid / Aβ      Biomarker          2      227 -0.014661    -0.145467      0.116648                 1 8.274543e-01
                        NfL      Biomarker          2      189 -0.002162    -0.145998      0.141764                 1 9.766682e-01
                       pTau      Biomarker          1      710  0.092611     0.019161      0.165066                 1 1.352858e-02
AD_DECODE transcriptomic PC Transcriptomic          1       79  0.087005    -0.136740      0.302304                 1 4.470047e-01
         Hippocampal volume   Neuroimaging          1      145 -0.072944    -0.233184      0.091152                 1 3.838757e-01
             Hippocampal FA   Neuroimaging          0        0       NaN          NaN           NaN                 0          NaN
         Whole-brain volume   Neuroimaging          0        0       NaN          NaN           NaN                 0          NaN
                  Global FA   Neuroimaging          0        0       NaN          NaN           NaN                 0          NaN
